Archive member included to satisfy reference by file (symbol)

/opt/Atollic_TrueSTUDIO_for_STM32_x86_64_9.3.0/ARMTools/bin/../lib/gcc/arm-atollic-eabi/6.3.1/../../../../arm-atollic-eabi/lib/armv7e-m/fpu/libc_nano.a(lib_a-init.o)
                              src/startup_stm32f411xe.o (__libc_init_array)
/opt/Atollic_TrueSTUDIO_for_STM32_x86_64_9.3.0/ARMTools/bin/../lib/gcc/arm-atollic-eabi/6.3.1/../../../../arm-atollic-eabi/lib/armv7e-m/fpu/libc_nano.a(lib_a-strlen.o)
                              src/tiny_printf.o (strlen)
/opt/Atollic_TrueSTUDIO_for_STM32_x86_64_9.3.0/ARMTools/bin/../lib/gcc/arm-atollic-eabi/6.3.1/../../../../arm-atollic-eabi/lib/armv7e-m/fpu/libnosys.a(write.o)
                              src/tiny_printf.o (_write)
/opt/Atollic_TrueSTUDIO_for_STM32_x86_64_9.3.0/ARMTools/bin/../lib/gcc/arm-atollic-eabi/6.3.1/../../../../arm-atollic-eabi/lib/armv7e-m/fpu/libnosys.a(errno.o)
                              /opt/Atollic_TrueSTUDIO_for_STM32_x86_64_9.3.0/ARMTools/bin/../lib/gcc/arm-atollic-eabi/6.3.1/../../../../arm-atollic-eabi/lib/armv7e-m/fpu/libnosys.a(write.o) (errno)

Allocating common symbols
Common symbol       size              file

errno               0x4               /opt/Atollic_TrueSTUDIO_for_STM32_x86_64_9.3.0/ARMTools/bin/../lib/gcc/arm-atollic-eabi/6.3.1/../../../../arm-atollic-eabi/lib/armv7e-m/fpu/libnosys.a(errno.o)
TimingDelay         0x4               src/main.o

Memory Configuration

Name             Origin             Length             Attributes
FLASH            0x0000000008000000 0x0000000000080000 xr
RAM              0x0000000020000000 0x0000000000020000 xrw
MEMORY_B1        0x0000000060000000 0x0000000000000000 xr
*default*        0x0000000000000000 0xffffffffffffffff

Linker script and memory map

LOAD /opt/Atollic_TrueSTUDIO_for_STM32_x86_64_9.3.0/ARMTools/bin/../lib/gcc/arm-atollic-eabi/6.3.1/armv7e-m/fpu/crti.o
LOAD /opt/Atollic_TrueSTUDIO_for_STM32_x86_64_9.3.0/ARMTools/bin/../lib/gcc/arm-atollic-eabi/6.3.1/armv7e-m/fpu/crtbegin.o
LOAD Drivers/STM32F4xx_StdPeriph_Driver/src/misc.o
LOAD Drivers/STM32F4xx_StdPeriph_Driver/src/stm32f4xx_adc.o
LOAD Drivers/STM32F4xx_StdPeriph_Driver/src/stm32f4xx_can.o
LOAD Drivers/STM32F4xx_StdPeriph_Driver/src/stm32f4xx_crc.o
LOAD Drivers/STM32F4xx_StdPeriph_Driver/src/stm32f4xx_cryp.o
LOAD Drivers/STM32F4xx_StdPeriph_Driver/src/stm32f4xx_cryp_aes.o
LOAD Drivers/STM32F4xx_StdPeriph_Driver/src/stm32f4xx_cryp_des.o
LOAD Drivers/STM32F4xx_StdPeriph_Driver/src/stm32f4xx_cryp_tdes.o
LOAD Drivers/STM32F4xx_StdPeriph_Driver/src/stm32f4xx_dac.o
LOAD Drivers/STM32F4xx_StdPeriph_Driver/src/stm32f4xx_dbgmcu.o
LOAD Drivers/STM32F4xx_StdPeriph_Driver/src/stm32f4xx_dcmi.o
LOAD Drivers/STM32F4xx_StdPeriph_Driver/src/stm32f4xx_dma.o
LOAD Drivers/STM32F4xx_StdPeriph_Driver/src/stm32f4xx_exti.o
LOAD Drivers/STM32F4xx_StdPeriph_Driver/src/stm32f4xx_flash.o
LOAD Drivers/STM32F4xx_StdPeriph_Driver/src/stm32f4xx_fsmc.o
LOAD Drivers/STM32F4xx_StdPeriph_Driver/src/stm32f4xx_gpio.o
LOAD Drivers/STM32F4xx_StdPeriph_Driver/src/stm32f4xx_hash.o
LOAD Drivers/STM32F4xx_StdPeriph_Driver/src/stm32f4xx_hash_md5.o
LOAD Drivers/STM32F4xx_StdPeriph_Driver/src/stm32f4xx_hash_sha1.o
LOAD Drivers/STM32F4xx_StdPeriph_Driver/src/stm32f4xx_i2c.o
LOAD Drivers/STM32F4xx_StdPeriph_Driver/src/stm32f4xx_iwdg.o
LOAD Drivers/STM32F4xx_StdPeriph_Driver/src/stm32f4xx_pwr.o
LOAD Drivers/STM32F4xx_StdPeriph_Driver/src/stm32f4xx_rcc.o
LOAD Drivers/STM32F4xx_StdPeriph_Driver/src/stm32f4xx_rng.o
LOAD Drivers/STM32F4xx_StdPeriph_Driver/src/stm32f4xx_rtc.o
LOAD Drivers/STM32F4xx_StdPeriph_Driver/src/stm32f4xx_sdio.o
LOAD Drivers/STM32F4xx_StdPeriph_Driver/src/stm32f4xx_spi.o
LOAD Drivers/STM32F4xx_StdPeriph_Driver/src/stm32f4xx_syscfg.o
LOAD Drivers/STM32F4xx_StdPeriph_Driver/src/stm32f4xx_tim.o
LOAD Drivers/STM32F4xx_StdPeriph_Driver/src/stm32f4xx_usart.o
LOAD Drivers/STM32F4xx_StdPeriph_Driver/src/stm32f4xx_wwdg.o
LOAD src/main.o
LOAD src/startup_stm32f411xe.o
LOAD src/stm32f4xx_it.o
LOAD src/system_stm32f4xx.o
LOAD src/tiny_printf.o
                0x0000000000000080                malloc_getpagesize_P = 0x80
START GROUP
LOAD /opt/Atollic_TrueSTUDIO_for_STM32_x86_64_9.3.0/ARMTools/bin/../lib/gcc/arm-atollic-eabi/6.3.1/../../../../arm-atollic-eabi/lib/armv7e-m/fpu/libc_nano.a
LOAD /opt/Atollic_TrueSTUDIO_for_STM32_x86_64_9.3.0/ARMTools/bin/../lib/gcc/arm-atollic-eabi/6.3.1/../../../../arm-atollic-eabi/lib/armv7e-m/fpu/libm.a
END GROUP
START GROUP
LOAD /opt/Atollic_TrueSTUDIO_for_STM32_x86_64_9.3.0/ARMTools/bin/../lib/gcc/arm-atollic-eabi/6.3.1/armv7e-m/fpu/libgcc.a
LOAD /opt/Atollic_TrueSTUDIO_for_STM32_x86_64_9.3.0/ARMTools/bin/../lib/gcc/arm-atollic-eabi/6.3.1/../../../../arm-atollic-eabi/lib/armv7e-m/fpu/libc_nano.a
END GROUP
START GROUP
LOAD /opt/Atollic_TrueSTUDIO_for_STM32_x86_64_9.3.0/ARMTools/bin/../lib/gcc/arm-atollic-eabi/6.3.1/armv7e-m/fpu/libgcc.a
LOAD /opt/Atollic_TrueSTUDIO_for_STM32_x86_64_9.3.0/ARMTools/bin/../lib/gcc/arm-atollic-eabi/6.3.1/../../../../arm-atollic-eabi/lib/armv7e-m/fpu/libc_nano.a
LOAD /opt/Atollic_TrueSTUDIO_for_STM32_x86_64_9.3.0/ARMTools/bin/../lib/gcc/arm-atollic-eabi/6.3.1/../../../../arm-atollic-eabi/lib/armv7e-m/fpu/libnosys.a
END GROUP
START GROUP
LOAD /opt/Atollic_TrueSTUDIO_for_STM32_x86_64_9.3.0/ARMTools/bin/../lib/gcc/arm-atollic-eabi/6.3.1/armv7e-m/fpu/libgcc.a
LOAD /opt/Atollic_TrueSTUDIO_for_STM32_x86_64_9.3.0/ARMTools/bin/../lib/gcc/arm-atollic-eabi/6.3.1/../../../../arm-atollic-eabi/lib/armv7e-m/fpu/libc_nano.a
LOAD /opt/Atollic_TrueSTUDIO_for_STM32_x86_64_9.3.0/ARMTools/bin/../lib/gcc/arm-atollic-eabi/6.3.1/../../../../arm-atollic-eabi/lib/armv7e-m/fpu/libnosys.a
END GROUP
LOAD /opt/Atollic_TrueSTUDIO_for_STM32_x86_64_9.3.0/ARMTools/bin/../lib/gcc/arm-atollic-eabi/6.3.1/armv7e-m/fpu/crtend.o
LOAD /opt/Atollic_TrueSTUDIO_for_STM32_x86_64_9.3.0/ARMTools/bin/../lib/gcc/arm-atollic-eabi/6.3.1/armv7e-m/fpu/crtn.o
                0x0000000020020000                _estack = 0x20020000
                0x0000000000000000                _Min_Heap_Size = 0x0
                0x0000000000000400                _Min_Stack_Size = 0x400

.isr_vector     0x0000000008000000      0x198
                0x0000000008000000                . = ALIGN (0x4)
 *(.isr_vector)
 .isr_vector    0x0000000008000000      0x198 src/startup_stm32f411xe.o
                0x0000000008000000                g_pfnVectors
                0x0000000008000198                . = ALIGN (0x4)

.text           0x0000000008000198     0xecfc
                0x0000000008000198                . = ALIGN (0x4)
 *(.text)
 .text          0x0000000008000198        0x0 /opt/Atollic_TrueSTUDIO_for_STM32_x86_64_9.3.0/ARMTools/bin/../lib/gcc/arm-atollic-eabi/6.3.1/armv7e-m/fpu/crti.o
 .text          0x0000000008000198       0x40 /opt/Atollic_TrueSTUDIO_for_STM32_x86_64_9.3.0/ARMTools/bin/../lib/gcc/arm-atollic-eabi/6.3.1/armv7e-m/fpu/crtbegin.o
 .text          0x00000000080001d8      0x194 Drivers/STM32F4xx_StdPeriph_Driver/src/misc.o
                0x00000000080001d8                NVIC_PriorityGroupConfig
                0x0000000008000200                NVIC_Init
                0x00000000080002c4                NVIC_SetVectorTable
                0x00000000080002f0                NVIC_SystemLPConfig
                0x0000000008000334                SysTick_CLKSourceConfig
 .text          0x000000000800036c      0xa9c Drivers/STM32F4xx_StdPeriph_Driver/src/stm32f4xx_adc.o
                0x000000000800036c                ADC_DeInit
                0x0000000008000388                ADC_Init
                0x0000000008000434                ADC_StructInit
                0x0000000008000472                ADC_CommonInit
                0x00000000080004c4                ADC_CommonStructInit
                0x00000000080004f0                ADC_Cmd
                0x0000000008000528                ADC_AnalogWatchdogCmd
                0x0000000008000562                ADC_AnalogWatchdogThresholdsConfig
                0x000000000800058a                ADC_AnalogWatchdogSingleChannelConfig
                0x00000000080005c2                ADC_TempSensorVrefintCmd
                0x00000000080005fc                ADC_VBATCmd
                0x0000000008000638                ADC_RegularChannelConfig
                0x00000000080007cc                ADC_SoftwareStartConv
                0x00000000080007ec                ADC_GetSoftwareStartConvStatus
                0x000000000800081c                ADC_EOCOnEachRegularChannelCmd
                0x0000000008000854                ADC_ContinuousModeCmd
                0x000000000800088c                ADC_DiscModeChannelCountConfig
                0x00000000080008d0                ADC_DiscModeCmd
                0x0000000008000908                ADC_GetConversionValue
                0x0000000008000922                ADC_GetMultiModeConversionValue
                0x0000000008000938                ADC_DMACmd
                0x0000000008000970                ADC_DMARequestAfterLastTransferCmd
                0x00000000080009a8                ADC_MultiModeDMARequestAfterLastTransferCmd
                0x00000000080009e4                ADC_InjectedChannelConfig
                0x0000000008000b06                ADC_InjectedSequencerLengthConfig
                0x0000000008000b4a                ADC_SetInjectedOffset
                0x0000000008000b7e                ADC_ExternalTrigInjectedConvConfig
                0x0000000008000bb4                ADC_ExternalTrigInjectedConvEdgeConfig
                0x0000000008000bea                ADC_SoftwareStartInjectedConv
                0x0000000008000c0a                ADC_GetSoftwareStartInjectedConvCmdStatus
                0x0000000008000c3a                ADC_AutoInjectedConvCmd
                0x0000000008000c72                ADC_InjectedDiscModeCmd
                0x0000000008000caa                ADC_GetInjectedConversionValue
                0x0000000008000cda                ADC_ITConfig
                0x0000000008000d2c                ADC_GetFlagStatus
                0x0000000008000d60                ADC_ClearFlag
                0x0000000008000d80                ADC_GetITStatus
                0x0000000008000ddc                ADC_ClearITPendingBit
 .text          0x0000000008000e08      0xfc0 Drivers/STM32F4xx_StdPeriph_Driver/src/stm32f4xx_can.o
                0x0000000008000e08                CAN_DeInit
                0x0000000008000e50                CAN_Init
                0x0000000008000ff2                CAN_FilterInit
                0x0000000008001168                CAN_StructInit
                0x00000000080011be                CAN_SlaveStartBank
                0x0000000008001220                CAN_DBGFreeze
                0x0000000008001258                CAN_TTComModeCmd
                0x00000000080012f0                CAN_Transmit
                0x000000000800148c                CAN_TransmitStatus
                0x0000000008001560                CAN_CancelTransmit
                0x00000000080015b2                CAN_Receive
                0x000000000800172e                CAN_FIFORelease
                0x0000000008001766                CAN_MessagePending
                0x00000000080017b0                CAN_OperatingModeRequest
                0x00000000080018ac                CAN_Sleep
                0x00000000080018e6                CAN_WakeUp
                0x000000000800193c                CAN_GetLastErrorCode
                0x0000000008001962                CAN_GetReceiveErrorCounter
                0x0000000008001984                CAN_GetLSBTransmitErrorCounter
                0x00000000080019a6                CAN_ITConfig
                0x00000000080019e2                CAN_GetFlagStatus
                0x0000000008001ab0                CAN_ClearFlag
                0x0000000008001b24                CAN_GetITStatus
                0x0000000008001cb8                CAN_ClearITPendingBit
 .text          0x0000000008001dc8       0xd0 Drivers/STM32F4xx_StdPeriph_Driver/src/stm32f4xx_crc.o
                0x0000000008001dc8                CRC_ResetDR
                0x0000000008001de0                CRC_CalcCRC
                0x0000000008001e04                CRC_CalcBlockCRC
                0x0000000008001e48                CRC_GetCRC
                0x0000000008001e60                CRC_SetIDRegister
                0x0000000008001e80                CRC_GetIDRegister
 .text          0x0000000008001e98      0x69c Drivers/STM32F4xx_StdPeriph_Driver/src/stm32f4xx_cryp.o
                0x0000000008001e98                CRYP_DeInit
                0x0000000008001eb0                CRYP_Init
                0x0000000008001f54                CRYP_StructInit
                0x0000000008001f80                CRYP_KeyInit
                0x0000000008001fd8                CRYP_KeyStructInit
                0x000000000800201c                CRYP_IVInit
                0x0000000008002054                CRYP_IVStructInit
                0x0000000008002080                CRYP_PhaseConfig
                0x00000000080020b8                CRYP_FIFOFlush
                0x00000000080020d8                CRYP_Cmd
                0x0000000008002114                CRYP_DataIn
                0x0000000008002134                CRYP_DataOut
                0x000000000800214c                CRYP_SaveContext
                0x00000000080022dc                CRYP_RestoreContext
                0x00000000080023f0                CRYP_DMACmd
                0x0000000008002434                CRYP_ITConfig
                0x0000000008002478                CRYP_GetITStatus
                0x00000000080024b0                CRYP_GetCmdStatus
                0x00000000080024e4                CRYP_GetFlagStatus
 .text          0x0000000008002534     0x22b8 Drivers/STM32F4xx_StdPeriph_Driver/src/stm32f4xx_cryp_aes.o
                0x0000000008002534                CRYP_AES_ECB
                0x0000000008002904                CRYP_AES_CBC
                0x0000000008002d5c                CRYP_AES_CTR
                0x0000000008003158                CRYP_AES_GCM
                0x0000000008003b0e                CRYP_AES_CCM
 .text          0x00000000080047ec      0x2a0 Drivers/STM32F4xx_StdPeriph_Driver/src/stm32f4xx_cryp_des.o
                0x00000000080047ec                CRYP_DES_ECB
                0x0000000008004924                CRYP_DES_CBC
 .text          0x0000000008004a8c      0x358 Drivers/STM32F4xx_StdPeriph_Driver/src/stm32f4xx_cryp_tdes.o
                0x0000000008004a8c                CRYP_TDES_ECB
                0x0000000008004c0e                CRYP_TDES_CBC
 .text          0x0000000008004de4      0x450 Drivers/STM32F4xx_StdPeriph_Driver/src/stm32f4xx_dac.o
                0x0000000008004de4                DAC_DeInit
                0x0000000008004e00                DAC_Init
                0x0000000008004e68                DAC_StructInit
                0x0000000008004e94                DAC_Cmd
                0x0000000008004ee0                DAC_SoftwareTriggerCmd
                0x0000000008004f30                DAC_DualSoftwareTriggerCmd
                0x0000000008004f6c                DAC_WaveGenerationCmd
                0x0000000008004fb8                DAC_SetChannel1Data
                0x0000000008004ff0                DAC_SetChannel2Data
                0x0000000008005028                DAC_SetDualChannelData
                0x0000000008005080                DAC_GetDataOutputValue
                0x00000000080050b4                DAC_DMACmd
                0x0000000008005104                DAC_ITConfig
                0x0000000008005150                DAC_GetFlagStatus
                0x000000000800518c                DAC_ClearFlag
                0x00000000080051b4                DAC_GetITStatus
                0x000000000800520c                DAC_ClearITPendingBit
 .text          0x0000000008005234       0xf4 Drivers/STM32F4xx_StdPeriph_Driver/src/stm32f4xx_dbgmcu.o
                0x0000000008005234                DBGMCU_GetREVID
                0x000000000800524c                DBGMCU_GetDEVID
                0x0000000008005268                DBGMCU_Config
                0x00000000080052a8                DBGMCU_APB1PeriphConfig
                0x00000000080052e8                DBGMCU_APB2PeriphConfig
 .text          0x0000000008005328      0x3a4 Drivers/STM32F4xx_StdPeriph_Driver/src/stm32f4xx_dcmi.o
                0x0000000008005328                DCMI_DeInit
                0x0000000008005364                DCMI_Init
                0x00000000080053e4                DCMI_StructInit
                0x0000000008005422                DCMI_CROPConfig
                0x0000000008005460                DCMI_CROPCmd
                0x000000000800549c                DCMI_SetEmbeddedSynchroCodes
                0x00000000080054d8                DCMI_JPEGCmd
                0x0000000008005514                DCMI_Cmd
                0x0000000008005550                DCMI_CaptureCmd
                0x000000000800558c                DCMI_ReadData
                0x00000000080055a4                DCMI_ITConfig
                0x00000000080055e8                DCMI_GetFlagStatus
                0x000000000800564c                DCMI_ClearFlag
                0x000000000800566c                DCMI_GetITStatus
                0x00000000080056ac                DCMI_ClearITPendingBit
 .text          0x00000000080056cc      0x71c Drivers/STM32F4xx_StdPeriph_Driver/src/stm32f4xx_dma.o
                0x00000000080056cc                DMA_DeInit
                0x0000000008005874                DMA_Init
                0x0000000008005924                DMA_StructInit
                0x0000000008005992                DMA_Cmd
                0x00000000080059ca                DMA_PeriphIncOffsetSizeConfig
                0x0000000008005a00                DMA_FlowControllerConfig
                0x0000000008005a36                DMA_SetCurrDataCounter
                0x0000000008005a54                DMA_GetCurrDataCounter
                0x0000000008005a6e                DMA_DoubleBufferModeConfig
                0x0000000008005aac                DMA_DoubleBufferModeCmd
                0x0000000008005ae4                DMA_MemoryTargetConfig
                0x0000000008005b10                DMA_GetCurrentMemoryTarget
                0x0000000008005b40                DMA_GetCmdStatus
                0x0000000008005b70                DMA_GetFIFOStatus
                0x0000000008005b94                DMA_GetFlagStatus
                0x0000000008005c0c                DMA_ClearFlag
                0x0000000008005c68                DMA_ITConfig
                0x0000000008005cdc                DMA_GetITStatus
                0x0000000008005d8c                DMA_ClearITPendingBit
 .text          0x0000000008005de8      0x224 Drivers/STM32F4xx_StdPeriph_Driver/src/stm32f4xx_exti.o
                0x0000000008005de8                EXTI_DeInit
                0x0000000008005e1c                EXTI_Init
                0x0000000008005f00                EXTI_StructInit
                0x0000000008005f2c                EXTI_GenerateSWInterrupt
                0x0000000008005f50                EXTI_GetFlagStatus
                0x0000000008005f84                EXTI_ClearFlag
                0x0000000008005fa4                EXTI_GetITStatus
                0x0000000008005fec                EXTI_ClearITPendingBit
 .text          0x000000000800600c      0x7ec Drivers/STM32F4xx_StdPeriph_Driver/src/stm32f4xx_flash.o
                0x000000000800600c                FLASH_SetLatency
                0x000000000800602c                FLASH_PrefetchBufferCmd
                0x0000000008006068                FLASH_InstructionCacheCmd
                0x00000000080060a4                FLASH_DataCacheCmd
                0x00000000080060e0                FLASH_InstructionCacheReset
                0x0000000008006100                FLASH_DataCacheReset
                0x0000000008006120                FLASH_Unlock
                0x0000000008006150                FLASH_Lock
                0x0000000008006170                FLASH_EraseSector
                0x0000000008006230                FLASH_EraseAllSectors
                0x0000000008006282                FLASH_ProgramDoubleWord
                0x00000000080062f0                FLASH_ProgramWord
                0x0000000008006358                FLASH_ProgramHalfWord
                0x00000000080063c4                FLASH_ProgramByte
                0x000000000800642c                FLASH_OB_Unlock
                0x0000000008006460                FLASH_OB_Lock
                0x0000000008006480                FLASH_OB_WRPConfig
                0x00000000080064dc                FLASH_OB_WRP1Config
                0x0000000008006538                FLASH_OB_RDPConfig
                0x0000000008006568                FLASH_OB_UserConfig
                0x00000000080065c0                FLASH_OB_BORConfig
                0x00000000080065fc                FLASH_OB_Launch
                0x000000000800662c                FLASH_OB_GetUser
                0x0000000008006648                FLASH_OB_GetWRP
                0x0000000008006660                FLASH_OB_GetWRP1
                0x0000000008006678                FLASH_OB_GetRDP
                0x00000000080066a8                FLASH_OB_GetBOR
                0x00000000080066c8                FLASH_ITConfig
                0x0000000008006708                FLASH_GetFlagStatus
                0x000000000800673c                FLASH_ClearFlag
                0x000000000800675c                FLASH_GetStatus
                0x00000000080067c8                FLASH_WaitForLastOperation
 .text          0x00000000080067f8      0x968 Drivers/STM32F4xx_StdPeriph_Driver/src/stm32f4xx_fsmc.o
                0x00000000080067f8                FSMC_NORSRAMDeInit
                0x0000000008006850                FSMC_NORSRAMInit
                0x0000000008006988                FSMC_NORSRAMStructInit
                0x0000000008006a5e                FSMC_NORSRAMCmd
                0x0000000008006ab4                FSMC_NANDDeInit
                0x0000000008006b10                FSMC_NANDInit
                0x0000000008006be0                FSMC_NANDStructInit
                0x0000000008006c5e                FSMC_NANDCmd
                0x0000000008006ccc                FSMC_NANDECCCmd
                0x0000000008006d38                FSMC_GetECC
                0x0000000008006d70                FSMC_PCCARDDeInit
                0x0000000008006da8                FSMC_PCCARDInit
                0x0000000008006e54                FSMC_PCCARDStructInit
                0x0000000008006eda                FSMC_PCCARDCmd
                0x0000000008006f18                FSMC_ITConfig
                0x0000000008006fb8                FSMC_GetFlagStatus
                0x000000000800701c                FSMC_ClearFlag
                0x000000000800707c                FSMC_GetITStatus
                0x00000000080070fc                FSMC_ClearITPendingBit
 .text          0x0000000008007160      0x490 Drivers/STM32F4xx_StdPeriph_Driver/src/stm32f4xx_gpio.o
                0x0000000008007160                GPIO_DeInit
                0x0000000008007280                GPIO_Init
                0x000000000800739c                GPIO_StructInit
                0x00000000080073d0                GPIO_PinLockConfig
                0x0000000008007414                GPIO_ReadInputDataBit
                0x0000000008007448                GPIO_ReadInputData
                0x0000000008007462                GPIO_ReadOutputDataBit
                0x0000000008007496                GPIO_ReadOutputData
                0x00000000080074b0                GPIO_SetBits
                0x00000000080074ce                GPIO_ResetBits
                0x00000000080074ec                GPIO_WriteBit
                0x000000000800751c                GPIO_Write
                0x000000000800753a                GPIO_ToggleBits
                0x000000000800755e                GPIO_PinAFConfig
 .text          0x00000000080075f0      0x418 Drivers/STM32F4xx_StdPeriph_Driver/src/stm32f4xx_hash.o
                0x00000000080075f0                HASH_DeInit
                0x0000000008007608                HASH_Init
                0x0000000008007678                HASH_StructInit
                0x00000000080076a4                HASH_Reset
                0x00000000080076c4                HASH_SetLastWordValidBitsNbr
                0x00000000080076f8                HASH_DataIn
                0x0000000008007718                HASH_GetInFIFOWordsNbr
                0x0000000008007738                HASH_GetDigest
                0x0000000008007794                HASH_StartDigest
                0x00000000080077b4                HASH_SaveContext
                0x0000000008007810                HASH_RestoreContext
                0x000000000800787c                HASH_AutoStartDigest
                0x00000000080078b8                HASH_DMACmd
                0x00000000080078f4                HASH_ITConfig
                0x0000000008007934                HASH_GetFlagStatus
                0x0000000008007984                HASH_ClearFlag
                0x00000000080079a4                HASH_GetITStatus
                0x00000000080079e8                HASH_ClearITPendingBit
 .text          0x0000000008007a08      0x308 Drivers/STM32F4xx_StdPeriph_Driver/src/stm32f4xx_hash_md5.o
                0x0000000008007a08                HASH_MD5
                0x0000000008007b12                HMAC_MD5
 .text          0x0000000008007d10      0x32e Drivers/STM32F4xx_StdPeriph_Driver/src/stm32f4xx_hash_sha1.o
                0x0000000008007d10                HASH_SHA1
                0x0000000008007e2c                HMAC_SHA1
 *fill*         0x000000000800803e        0x2 
 .text          0x0000000008008040      0xa18 Drivers/STM32F4xx_StdPeriph_Driver/src/stm32f4xx_i2c.o
                0x0000000008008040                I2C_DeInit
                0x00000000080080b4                I2C_Init
                0x0000000008008238                I2C_StructInit
                0x0000000008008276                I2C_Cmd
                0x00000000080082b6                I2C_AnalogFilterCmd
                0x00000000080082f6                I2C_DigitalFilterConfig
                0x000000000800833a                I2C_GenerateSTART
                0x000000000800837a                I2C_GenerateSTOP
                0x00000000080083ba                I2C_Send7bitAddress
                0x00000000080083f6                I2C_AcknowledgeConfig
                0x0000000008008436                I2C_OwnAddress2Config
                0x000000000800847a                I2C_DualAddressCmd
                0x00000000080084ba                I2C_GeneralCallCmd
                0x00000000080084fa                I2C_SoftwareResetCmd
                0x000000000800853e                I2C_StretchClockCmd
                0x000000000800857e                I2C_FastModeDutyCycleConfig
                0x00000000080085c0                I2C_NACKPositionConfig
                0x0000000008008602                I2C_SMBusAlertConfig
                0x0000000008008644                I2C_ARPCmd
                0x0000000008008684                I2C_SendData
                0x00000000080086a4                I2C_ReceiveData
                0x00000000080086c0                I2C_TransmitPEC
                0x0000000008008700                I2C_PECPositionConfig
                0x0000000008008742                I2C_CalculatePEC
                0x0000000008008782                I2C_GetPEC
                0x00000000080087a2                I2C_DMACmd
                0x00000000080087e2                I2C_DMALastTransferCmd
                0x0000000008008822                I2C_ReadRegister
                0x0000000008008850                I2C_ITConfig
                0x0000000008008898                I2C_CheckEvent
                0x00000000080088f8                I2C_GetLastEvent
                0x000000000800893c                I2C_GetFlagStatus
                0x00000000080089a2                I2C_ClearFlag
                0x00000000080089d0                I2C_GetITStatus
                0x0000000008008a2a                I2C_ClearITPendingBit
 .text          0x0000000008008a58       0xd0 Drivers/STM32F4xx_StdPeriph_Driver/src/stm32f4xx_iwdg.o
                0x0000000008008a58                IWDG_WriteAccessCmd
                0x0000000008008a78                IWDG_SetPrescaler
                0x0000000008008a98                IWDG_SetReload
                0x0000000008008ab8                IWDG_ReloadCounter
                0x0000000008008ad4                IWDG_Enable
                0x0000000008008af0                IWDG_GetFlagStatus
 .text          0x0000000008008b28      0x228 Drivers/STM32F4xx_StdPeriph_Driver/src/stm32f4xx_pwr.o
                0x0000000008008b28                PWR_DeInit
                0x0000000008008b44                PWR_BackupAccessCmd
                0x0000000008008b64                PWR_PVDLevelConfig
                0x0000000008008b9c                PWR_PVDCmd
                0x0000000008008bbc                PWR_WakeUpPinCmd
                0x0000000008008bdc                PWR_BackupRegulatorCmd
                0x0000000008008bfc                PWR_MainRegulatorModeConfig
                0x0000000008008c34                PWR_FlashPowerDownCmd
                0x0000000008008c54                PWR_EnterSTOPMode
                0x0000000008008cb8                PWR_EnterSTANDBYMode
                0x0000000008008cf4                PWR_GetFlagStatus
                0x0000000008008d28                PWR_ClearFlag
 .text          0x0000000008008d50      0xb08 Drivers/STM32F4xx_StdPeriph_Driver/src/stm32f4xx_rcc.o
                0x0000000008008d50                RCC_DeInit
                0x0000000008008dac                RCC_HSEConfig
                0x0000000008008dd4                RCC_WaitForHSEStartUp
                0x0000000008008e24                RCC_AdjustHSICalibrationValue
                0x0000000008008e60                RCC_HSICmd
                0x0000000008008e80                RCC_LSEConfig
                0x0000000008008ec4                RCC_LSICmd
                0x0000000008008ee4                RCC_PLLConfig
                0x0000000008008f24                RCC_PLLCmd
                0x0000000008008f44                RCC_PLLI2SConfig
                0x0000000008008f70                RCC_PLLI2SCmd
                0x0000000008008f90                RCC_ClockSecuritySystemCmd
                0x0000000008008fb0                RCC_MCO1Config
                0x0000000008008ff0                RCC_MCO2Config
                0x0000000008009030                RCC_SYSCLKConfig
                0x0000000008009068                RCC_GetSYSCLKSource
                0x0000000008009088                RCC_HCLKConfig
                0x00000000080090c0                RCC_PCLK1Config
                0x00000000080090f8                RCC_PCLK2Config
                0x0000000008009134                RCC_GetClocksFreq
                0x0000000008009284                RCC_RTCCLKConfig
                0x00000000080092e0                RCC_RTCCLKCmd
                0x0000000008009300                RCC_BackupResetCmd
                0x0000000008009320                RCC_I2SCLKConfig
                0x0000000008009340                RCC_TIMCLKPresConfig
                0x0000000008009360                RCC_AHB1PeriphClockCmd
                0x00000000080093a0                RCC_AHB2PeriphClockCmd
                0x00000000080093e0                RCC_AHB3PeriphClockCmd
                0x0000000008009420                RCC_APB1PeriphClockCmd
                0x0000000008009460                RCC_APB2PeriphClockCmd
                0x00000000080094a0                RCC_AHB1PeriphResetCmd
                0x00000000080094e0                RCC_AHB2PeriphResetCmd
                0x0000000008009520                RCC_AHB3PeriphResetCmd
                0x0000000008009560                RCC_APB1PeriphResetCmd
                0x00000000080095a0                RCC_APB2PeriphResetCmd
                0x00000000080095e0                RCC_AHB1PeriphClockLPModeCmd
                0x0000000008009620                RCC_AHB2PeriphClockLPModeCmd
                0x0000000008009660                RCC_AHB3PeriphClockLPModeCmd
                0x00000000080096a0                RCC_APB1PeriphClockLPModeCmd
                0x00000000080096e0                RCC_APB2PeriphClockLPModeCmd
                0x0000000008009720                RCC_ITConfig
                0x000000000800976c                RCC_GetFlagStatus
                0x00000000080097e0                RCC_ClearFlag
                0x0000000008009800                RCC_GetITStatus
                0x0000000008009838                RCC_ClearITPendingBit
 .text          0x0000000008009858      0x160 Drivers/STM32F4xx_StdPeriph_Driver/src/stm32f4xx_rng.o
                0x0000000008009858                RNG_DeInit
                0x0000000008009870                RNG_Cmd
                0x00000000080098ac                RNG_GetRandomNumber
                0x00000000080098c4                RNG_ITConfig
                0x0000000008009900                RNG_GetFlagStatus
                0x0000000008009938                RNG_ClearFlag
                0x000000000800995c                RNG_GetITStatus
                0x0000000008009994                RNG_ClearITPendingBit
 .text          0x00000000080099b8     0x1550 Drivers/STM32F4xx_StdPeriph_Driver/src/stm32f4xx_rtc.o
                0x00000000080099b8                RTC_DeInit
                0x0000000008009aac                RTC_Init
                0x0000000008009b24                RTC_StructInit
                0x0000000008009b4a                RTC_WriteProtectionCmd
                0x0000000008009b80                RTC_EnterInitMode
                0x0000000008009bf4                RTC_ExitInitMode
                0x0000000008009c14                RTC_WaitForSynchro
                0x0000000008009c8c                RTC_RefClockCmd
                0x0000000008009cf4                RTC_BypassShadowCmd
                0x0000000008009d40                RTC_SetTime
                0x0000000008009e54                RTC_TimeStructInit
                0x0000000008009e80                RTC_GetTime
                0x0000000008009f24                RTC_GetSubSecond
                0x0000000008009f4c                RTC_SetDate
                0x000000000800a06c                RTC_DateStructInit
                0x000000000800a098                RTC_GetDate
                0x000000000800a134                RTC_SetAlarm
                0x000000000800a26c                RTC_AlarmStructInit
                0x000000000800a2aa                RTC_GetAlarm
                0x000000000800a38c                RTC_AlarmCmd
                0x000000000800a428                RTC_AlarmSubSecondConfig
                0x000000000800a478                RTC_GetAlarmSubSecond
                0x000000000800a4b4                RTC_WakeUpClockConfig
                0x000000000800a4f8                RTC_SetWakeUpCounter
                0x000000000800a528                RTC_GetWakeUpCounter
                0x000000000800a540                RTC_WakeUpCmd
                0x000000000800a5d4                RTC_DayLightSavingConfig
                0x000000000800a61c                RTC_GetStoreOperation
                0x000000000800a638                RTC_OutputConfig
                0x000000000800a680                RTC_CoarseCalibConfig
                0x000000000800a6d0                RTC_CoarseCalibCmd
                0x000000000800a738                RTC_CalibOutputCmd
                0x000000000800a784                RTC_CalibOutputConfig
                0x000000000800a7c8                RTC_SmoothCalibConfig
                0x000000000800a84c                RTC_TimeStampCmd
                0x000000000800a8b0                RTC_GetTimeStamp
                0x000000000800a9d0                RTC_GetTimeStampSubSecond
                0x000000000800a9e8                RTC_TamperTriggerConfig
                0x000000000800aa28                RTC_TamperCmd
                0x000000000800aa68                RTC_TamperFilterConfig
                0x000000000800aa98                RTC_TamperSamplingFreqConfig
                0x000000000800aac8                RTC_TamperPinsPrechargeDuration
                0x000000000800aaf8                RTC_TimeStampOnTamperDetectionCmd
                0x000000000800ab34                RTC_TamperPullUpCmd
                0x000000000800ab70                RTC_WriteBackupRegister
                0x000000000800aba4                RTC_ReadBackupRegister
                0x000000000800abd4                RTC_TamperPinSelection
                0x000000000800ac04                RTC_TimeStampPinSelection
                0x000000000800ac34                RTC_OutputTypeConfig
                0x000000000800ac64                RTC_SynchroShiftConfig
                0x000000000800ad00                RTC_ITConfig
                0x000000000800ad7c                RTC_GetFlagStatus
                0x000000000800adc0                RTC_ClearFlag
                0x000000000800adf0                RTC_GetITStatus
                0x000000000800ae58                RTC_ClearITPendingBit
 .text          0x000000000800af08      0x4f0 Drivers/STM32F4xx_StdPeriph_Driver/src/stm32f4xx_sdio.o
                0x000000000800af08                SDIO_DeInit
                0x000000000800af24                SDIO_Init
                0x000000000800af84                SDIO_StructInit
                0x000000000800afbc                SDIO_ClockCmd
                0x000000000800afdc                SDIO_SetPowerState
                0x000000000800affc                SDIO_GetPowerState
                0x000000000800b018                SDIO_SendCommand
                0x000000000800b070                SDIO_CmdStructInit
                0x000000000800b0a2                SDIO_GetCommandResponse
                0x000000000800b0bc                SDIO_GetResponse
                0x000000000800b0e4                SDIO_DataConfig
                0x000000000800b140                SDIO_DataStructInit
                0x000000000800b17a                SDIO_GetDataCounter
                0x000000000800b190                SDIO_ReadData
                0x000000000800b1a8                SDIO_WriteData
                0x000000000800b1c8                SDIO_GetFIFOCount
                0x000000000800b1e0                SDIO_StartSDIOReadWait
                0x000000000800b200                SDIO_StopSDIOReadWait
                0x000000000800b220                SDIO_SetSDIOReadWaitMode
                0x000000000800b240                SDIO_SetSDIOOperation
                0x000000000800b260                SDIO_SendSDIOSuspendCmd
                0x000000000800b280                SDIO_CommandCompletionCmd
                0x000000000800b2a0                SDIO_CEATAITCmd
                0x000000000800b2d0                SDIO_SendCEATACmd
                0x000000000800b2f0                SDIO_DMACmd
                0x000000000800b310                SDIO_ITConfig
                0x000000000800b350                SDIO_GetFlagStatus
                0x000000000800b384                SDIO_ClearFlag
                0x000000000800b3a4                SDIO_GetITStatus
                0x000000000800b3d8                SDIO_ClearITPendingBit
 .text          0x000000000800b3f8      0x884 Drivers/STM32F4xx_StdPeriph_Driver/src/stm32f4xx_spi.o
                0x000000000800b3f8                SPI_I2S_DeInit
                0x000000000800b4d4                SPI_Init
                0x000000000800b55c                I2S_Init
                0x000000000800b708                SPI_StructInit
                0x000000000800b752                I2S_StructInit
                0x000000000800b78a                SPI_Cmd
                0x000000000800b7ca                I2S_Cmd
                0x000000000800b80a                SPI_DataSizeConfig
                0x000000000800b842                SPI_BiDirectionalLineConfig
                0x000000000800b884                SPI_NSSInternalSoftwareConfig
                0x000000000800b8c8                SPI_SSOutputCmd
                0x000000000800b908                SPI_TIModeCmd
                0x000000000800b948                I2S_FullDuplexConfig
                0x000000000800b9e4                SPI_I2S_ReceiveData
                0x000000000800b9fe                SPI_I2S_SendData
                0x000000000800ba1c                SPI_CalculateCRC
                0x000000000800ba5c                SPI_TransmitCRC
                0x000000000800ba80                SPI_GetCRC
                0x000000000800bab2                SPI_GetCRCPolynomial
                0x000000000800bacc                SPI_I2S_DMACmd
                0x000000000800bb14                SPI_I2S_ITConfig
                0x000000000800bb76                SPI_I2S_GetFlagStatus
                0x000000000800bbae                SPI_I2S_ClearFlag
                0x000000000800bbd0                SPI_I2S_GetITStatus
                0x000000000800bc46                SPI_I2S_ClearITPendingBit
 .text          0x000000000800bc7c      0x134 Drivers/STM32F4xx_StdPeriph_Driver/src/stm32f4xx_syscfg.o
                0x000000000800bc7c                SYSCFG_DeInit
                0x000000000800bc98                SYSCFG_MemoryRemapConfig
                0x000000000800bcb8                SYSCFG_EXTILineConfig
                0x000000000800bd3c                SYSCFG_ETH_MediaInterfaceConfig
                0x000000000800bd5c                SYSCFG_CompensationCellCmd
                0x000000000800bd7c                SYSCFG_GetCompensationCellStatus
 .text          0x000000000800bdb0     0x1c18 Drivers/STM32F4xx_StdPeriph_Driver/src/stm32f4xx_tim.o
                0x000000000800bdb0                TIM_DeInit
                0x000000000800bf70                TIM_TimeBaseInit
                0x000000000800c048                TIM_TimeBaseStructInit
                0x000000000800c07c                TIM_PrescalerConfig
                0x000000000800c0a4                TIM_CounterModeConfig
                0x000000000800c0dc                TIM_SetCounter
                0x000000000800c0f8                TIM_SetAutoreload
                0x000000000800c114                TIM_GetCounter
                0x000000000800c12c                TIM_GetPrescaler
                0x000000000800c146                TIM_UpdateDisableConfig
                0x000000000800c186                TIM_UpdateRequestConfig
                0x000000000800c1c6                TIM_ARRPreloadConfig
                0x000000000800c206                TIM_SelectOnePulseMode
                0x000000000800c23e                TIM_SetClockDivision
                0x000000000800c276                TIM_Cmd
                0x000000000800c2b6                TIM_OC1Init
                0x000000000800c3ac                TIM_OC2Init
                0x000000000800c4bc                TIM_OC3Init
                0x000000000800c5c8                TIM_OC4Init
                0x000000000800c698                TIM_OCStructInit
                0x000000000800c6dc                TIM_SelectOCxM
                0x000000000800c78e                TIM_SetCompare1
                0x000000000800c7aa                TIM_SetCompare2
                0x000000000800c7c6                TIM_SetCompare3
                0x000000000800c7e2                TIM_SetCompare4
                0x000000000800c7fe                TIM_ForcedOC1Config
                0x000000000800c836                TIM_ForcedOC2Config
                0x000000000800c872                TIM_ForcedOC3Config
                0x000000000800c8aa                TIM_ForcedOC4Config
                0x000000000800c8e6                TIM_OC1PreloadConfig
                0x000000000800c91e                TIM_OC2PreloadConfig
                0x000000000800c95a                TIM_OC3PreloadConfig
                0x000000000800c992                TIM_OC4PreloadConfig
                0x000000000800c9ce                TIM_OC1FastConfig
                0x000000000800ca06                TIM_OC2FastConfig
                0x000000000800ca42                TIM_OC3FastConfig
                0x000000000800ca7a                TIM_OC4FastConfig
                0x000000000800cab6                TIM_ClearOC1Ref
                0x000000000800caee                TIM_ClearOC2Ref
                0x000000000800cb2a                TIM_ClearOC3Ref
                0x000000000800cb62                TIM_ClearOC4Ref
                0x000000000800cb9e                TIM_OC1PolarityConfig
                0x000000000800cbd6                TIM_OC1NPolarityConfig
                0x000000000800cc0e                TIM_OC2PolarityConfig
                0x000000000800cc4a                TIM_OC2NPolarityConfig
                0x000000000800cc86                TIM_OC3PolarityConfig
                0x000000000800ccc2                TIM_OC3NPolarityConfig
                0x000000000800ccfe                TIM_OC4PolarityConfig
                0x000000000800cd3a                TIM_CCxCmd
                0x000000000800cd90                TIM_CCxNCmd
                0x000000000800cde6                TIM_ICInit
                0x000000000800ce8e                TIM_ICStructInit
                0x000000000800cec0                TIM_PWMIConfig
                0x000000000800cf78                TIM_GetCapture1
                0x000000000800cf90                TIM_GetCapture2
                0x000000000800cfa8                TIM_GetCapture3
                0x000000000800cfc0                TIM_GetCapture4
                0x000000000800cfd8                TIM_SetIC1Prescaler
                0x000000000800d010                TIM_SetIC2Prescaler
                0x000000000800d04c                TIM_SetIC3Prescaler
                0x000000000800d084                TIM_SetIC4Prescaler
                0x000000000800d0c0                TIM_BDTRConfig
                0x000000000800d110                TIM_BDTRStructInit
                0x000000000800d14e                TIM_CtrlPWMOutputs
                0x000000000800d19a                TIM_SelectCOM
                0x000000000800d1da                TIM_CCPreloadControl
                0x000000000800d21a                TIM_ITConfig
                0x000000000800d262                TIM_GenerateEvent
                0x000000000800d280                TIM_GetFlagStatus
                0x000000000800d2b8                TIM_ClearFlag
                0x000000000800d2da                TIM_GetITStatus
                0x000000000800d32e                TIM_ClearITPendingBit
                0x000000000800d350                TIM_DMAConfig
                0x000000000800d37a                TIM_DMACmd
                0x000000000800d3c2                TIM_SelectCCDMA
                0x000000000800d402                TIM_InternalClockConfig
                0x000000000800d426                TIM_ITRxExternalClockConfig
                0x000000000800d454                TIM_TIxExternalClockConfig
                0x000000000800d4b0                TIM_ETRClockMode1Config
                0x000000000800d50e                TIM_ETRClockMode2Config
                0x000000000800d54c                TIM_SelectInputTrigger
                0x000000000800d584                TIM_SelectOutputTrigger
                0x000000000800d5bc                TIM_SelectSlaveMode
                0x000000000800d5f4                TIM_SelectMasterSlaveMode
                0x000000000800d62c                TIM_ETRConfig
                0x000000000800d680                TIM_EncoderInterfaceConfig
                0x000000000800d718                TIM_SelectHallSensor
                0x000000000800d758                TIM_RemapConfig
 .text          0x000000000800d9c8      0x970 Drivers/STM32F4xx_StdPeriph_Driver/src/stm32f4xx_usart.o
                0x000000000800d9c8                USART_DeInit
                0x000000000800dae0                USART_Init
                0x000000000800dc54                USART_StructInit
                0x000000000800dc8e                USART_ClockInit
                0x000000000800dce4                USART_ClockStructInit
                0x000000000800dd10                USART_Cmd
                0x000000000800dd50                USART_SetPrescaler
                0x000000000800dd8a                USART_OverSampling8Cmd
                0x000000000800ddce                USART_OneBitMethodCmd
                0x000000000800de0e                USART_SendData
                0x000000000800de32                USART_ReceiveData
                0x000000000800de52                USART_SetAddress
                0x000000000800de8c                USART_ReceiverWakeUpCmd
                0x000000000800decc                USART_WakeUpConfig
                0x000000000800df04                USART_LINBreakDetectLengthConfig
                0x000000000800df3c                USART_LINCmd
                0x000000000800df7c                USART_SendBreak
                0x000000000800dfa0                USART_HalfDuplexCmd
                0x000000000800dfe0                USART_SetGuardTime
                0x000000000800e01c                USART_SmartCardCmd
                0x000000000800e05c                USART_SmartCardNACKCmd
                0x000000000800e09c                USART_IrDAConfig
                0x000000000800e0d4                USART_IrDACmd
                0x000000000800e114                USART_DMACmd
                0x000000000800e15c                USART_ITConfig
                0x000000000800e1ec                USART_GetFlagStatus
                0x000000000800e224                USART_ClearFlag
                0x000000000800e246                USART_GetITStatus
                0x000000000800e2fc                USART_ClearITPendingBit
 .text          0x000000000800e338      0x138 Drivers/STM32F4xx_StdPeriph_Driver/src/stm32f4xx_wwdg.o
                0x000000000800e338                WWDG_DeInit
                0x000000000800e354                WWDG_SetPrescaler
                0x000000000800e388                WWDG_SetWindowValue
                0x000000000800e3c4                WWDG_EnableIT
                0x000000000800e3dc                WWDG_SetCounter
                0x000000000800e400                WWDG_Enable
                0x000000000800e428                WWDG_GetFlagStatus
                0x000000000800e458                WWDG_ClearFlag
 .text          0x000000000800e470      0x21c src/main.o
                0x000000000800e508                main
                0x000000000800e568                Delay
                0x000000000800e590                TimingDelay_Decrement
                0x000000000800e5b4                gpio_init
                0x000000000800e5f4                gpio_button_init
                0x000000000800e678                gpio_button_handler
 .text          0x000000000800e68c       0x14 src/startup_stm32f411xe.o
 .text          0x000000000800e6a0       0x7e src/stm32f4xx_it.o
                0x000000000800e6a0                NMI_Handler
                0x000000000800e6ae                HardFault_Handler
                0x000000000800e6b4                MemManage_Handler
                0x000000000800e6ba                BusFault_Handler
                0x000000000800e6c0                UsageFault_Handler
                0x000000000800e6c6                SVC_Handler
                0x000000000800e6d4                DebugMon_Handler
                0x000000000800e6e2                PendSV_Handler
                0x000000000800e6f0                SysTick_Handler
                0x000000000800e6fc                EXTI15_10_IRQHandler
 *fill*         0x000000000800e71e        0x2 
 .text          0x000000000800e720      0x160 src/system_stm32f4xx.o
                0x000000000800e720                SystemInit
                0x000000000800e78c                SystemCoreClockUpdate
 .text          0x000000000800e880      0x53c src/tiny_printf.o
                0x000000000800e880                ts_itoa
                0x000000000800e912                ts_formatstring
                0x000000000800ea40                ts_formatlength
                0x000000000800eb6c                sprintf
                0x000000000800eb6c                siprintf
                0x000000000800eb98                fprintf
                0x000000000800eb98                fiprintf
                0x000000000800ec32                printf
                0x000000000800ec32                iprintf
                0x000000000800ecc4                fputs
                0x000000000800ed2c                puts
                0x000000000800ed84                fwrite
 .text          0x000000000800edbc        0x0 /opt/Atollic_TrueSTUDIO_for_STM32_x86_64_9.3.0/ARMTools/bin/../lib/gcc/arm-atollic-eabi/6.3.1/../../../../arm-atollic-eabi/lib/armv7e-m/fpu/libc_nano.a(lib_a-init.o)
 .text          0x000000000800edbc       0x10 /opt/Atollic_TrueSTUDIO_for_STM32_x86_64_9.3.0/ARMTools/bin/../lib/gcc/arm-atollic-eabi/6.3.1/../../../../arm-atollic-eabi/lib/armv7e-m/fpu/libc_nano.a(lib_a-strlen.o)
                0x000000000800edbc                strlen
 .text          0x000000000800edcc        0x0 /opt/Atollic_TrueSTUDIO_for_STM32_x86_64_9.3.0/ARMTools/bin/../lib/gcc/arm-atollic-eabi/6.3.1/../../../../arm-atollic-eabi/lib/armv7e-m/fpu/libnosys.a(write.o)
 .text          0x000000000800edcc        0x0 /opt/Atollic_TrueSTUDIO_for_STM32_x86_64_9.3.0/ARMTools/bin/../lib/gcc/arm-atollic-eabi/6.3.1/../../../../arm-atollic-eabi/lib/armv7e-m/fpu/libnosys.a(errno.o)
 .text          0x000000000800edcc        0x0 /opt/Atollic_TrueSTUDIO_for_STM32_x86_64_9.3.0/ARMTools/bin/../lib/gcc/arm-atollic-eabi/6.3.1/armv7e-m/fpu/crtend.o
 .text          0x000000000800edcc        0x0 /opt/Atollic_TrueSTUDIO_for_STM32_x86_64_9.3.0/ARMTools/bin/../lib/gcc/arm-atollic-eabi/6.3.1/armv7e-m/fpu/crtn.o
 *(.text*)
 .text.Reset_Handler
                0x000000000800edcc       0x50 src/startup_stm32f411xe.o
                0x000000000800edcc                Reset_Handler
 .text.Default_Handler
                0x000000000800ee1c        0x2 src/startup_stm32f411xe.o
                0x000000000800ee1c                RTC_Alarm_IRQHandler
                0x000000000800ee1c                EXTI2_IRQHandler
                0x000000000800ee1c                SPI4_IRQHandler
                0x000000000800ee1c                TIM1_CC_IRQHandler
                0x000000000800ee1c                DMA2_Stream5_IRQHandler
                0x000000000800ee1c                DMA1_Stream5_IRQHandler
                0x000000000800ee1c                PVD_IRQHandler
                0x000000000800ee1c                SDIO_IRQHandler
                0x000000000800ee1c                TAMP_STAMP_IRQHandler
                0x000000000800ee1c                EXTI3_IRQHandler
                0x000000000800ee1c                TIM1_UP_TIM10_IRQHandler
                0x000000000800ee1c                I2C3_ER_IRQHandler
                0x000000000800ee1c                EXTI0_IRQHandler
                0x000000000800ee1c                I2C2_EV_IRQHandler
                0x000000000800ee1c                DMA1_Stream2_IRQHandler
                0x000000000800ee1c                FPU_IRQHandler
                0x000000000800ee1c                DMA2_Stream2_IRQHandler
                0x000000000800ee1c                SPI1_IRQHandler
                0x000000000800ee1c                TIM1_BRK_TIM9_IRQHandler
                0x000000000800ee1c                DMA2_Stream3_IRQHandler
                0x000000000800ee1c                USART6_IRQHandler
                0x000000000800ee1c                DMA2_Stream0_IRQHandler
                0x000000000800ee1c                TIM4_IRQHandler
                0x000000000800ee1c                I2C1_EV_IRQHandler
                0x000000000800ee1c                DMA1_Stream6_IRQHandler
                0x000000000800ee1c                DMA1_Stream1_IRQHandler
                0x000000000800ee1c                TIM3_IRQHandler
                0x000000000800ee1c                RCC_IRQHandler
                0x000000000800ee1c                Default_Handler
                0x000000000800ee1c                ADC_IRQHandler
                0x000000000800ee1c                DMA1_Stream7_IRQHandler
                0x000000000800ee1c                SPI5_IRQHandler
                0x000000000800ee1c                TIM5_IRQHandler
                0x000000000800ee1c                DMA2_Stream7_IRQHandler
                0x000000000800ee1c                I2C3_EV_IRQHandler
                0x000000000800ee1c                EXTI9_5_IRQHandler
                0x000000000800ee1c                RTC_WKUP_IRQHandler
                0x000000000800ee1c                SPI2_IRQHandler
                0x000000000800ee1c                DMA1_Stream0_IRQHandler
                0x000000000800ee1c                EXTI4_IRQHandler
                0x000000000800ee1c                WWDG_IRQHandler
                0x000000000800ee1c                TIM2_IRQHandler
                0x000000000800ee1c                OTG_FS_WKUP_IRQHandler
                0x000000000800ee1c                TIM1_TRG_COM_TIM11_IRQHandler
                0x000000000800ee1c                EXTI1_IRQHandler
                0x000000000800ee1c                USART2_IRQHandler
                0x000000000800ee1c                I2C2_ER_IRQHandler
                0x000000000800ee1c                DMA2_Stream1_IRQHandler
                0x000000000800ee1c                FLASH_IRQHandler
                0x000000000800ee1c                DMA2_Stream4_IRQHandler
                0x000000000800ee1c                USART1_IRQHandler
                0x000000000800ee1c                OTG_FS_IRQHandler
                0x000000000800ee1c                SPI3_IRQHandler
                0x000000000800ee1c                DMA1_Stream4_IRQHandler
                0x000000000800ee1c                I2C1_ER_IRQHandler
                0x000000000800ee1c                DMA2_Stream6_IRQHandler
                0x000000000800ee1c                DMA1_Stream3_IRQHandler
 *fill*         0x000000000800ee1e        0x2 
 .text.__libc_init_array
                0x000000000800ee20       0x48 /opt/Atollic_TrueSTUDIO_for_STM32_x86_64_9.3.0/ARMTools/bin/../lib/gcc/arm-atollic-eabi/6.3.1/../../../../arm-atollic-eabi/lib/armv7e-m/fpu/libc_nano.a(lib_a-init.o)
                0x000000000800ee20                __libc_init_array
 .text._write   0x000000000800ee68       0x10 /opt/Atollic_TrueSTUDIO_for_STM32_x86_64_9.3.0/ARMTools/bin/../lib/gcc/arm-atollic-eabi/6.3.1/../../../../arm-atollic-eabi/lib/armv7e-m/fpu/libnosys.a(write.o)
                0x000000000800ee68                _write
 *(.glue_7)
 .glue_7        0x000000000800ee78        0x0 linker stubs
 *(.glue_7t)
 .glue_7t       0x000000000800ee78        0x0 linker stubs
 *(.eh_frame)
 .eh_frame      0x000000000800ee78        0x0 /opt/Atollic_TrueSTUDIO_for_STM32_x86_64_9.3.0/ARMTools/bin/../lib/gcc/arm-atollic-eabi/6.3.1/armv7e-m/fpu/crtbegin.o
 .eh_frame      0x000000000800ee78        0x4 /opt/Atollic_TrueSTUDIO_for_STM32_x86_64_9.3.0/ARMTools/bin/../lib/gcc/arm-atollic-eabi/6.3.1/armv7e-m/fpu/crtend.o
 *(.init)
 .init          0x000000000800ee7c        0x4 /opt/Atollic_TrueSTUDIO_for_STM32_x86_64_9.3.0/ARMTools/bin/../lib/gcc/arm-atollic-eabi/6.3.1/armv7e-m/fpu/crti.o
                0x000000000800ee7c                _init
 .init          0x000000000800ee80        0x8 /opt/Atollic_TrueSTUDIO_for_STM32_x86_64_9.3.0/ARMTools/bin/../lib/gcc/arm-atollic-eabi/6.3.1/armv7e-m/fpu/crtn.o
 *(.fini)
 .fini          0x000000000800ee88        0x4 /opt/Atollic_TrueSTUDIO_for_STM32_x86_64_9.3.0/ARMTools/bin/../lib/gcc/arm-atollic-eabi/6.3.1/armv7e-m/fpu/crti.o
                0x000000000800ee88                _fini
 .fini          0x000000000800ee8c        0x8 /opt/Atollic_TrueSTUDIO_for_STM32_x86_64_9.3.0/ARMTools/bin/../lib/gcc/arm-atollic-eabi/6.3.1/armv7e-m/fpu/crtn.o
                0x000000000800ee94                . = ALIGN (0x4)
                0x000000000800ee94                _etext = .

.vfp11_veneer   0x000000000800ee94        0x0
 .vfp11_veneer  0x000000000800ee94        0x0 linker stubs

.v4_bx          0x000000000800ee94        0x0
 .v4_bx         0x000000000800ee94        0x0 linker stubs

.iplt           0x000000000800ee94        0x0
 .iplt          0x000000000800ee94        0x0 /opt/Atollic_TrueSTUDIO_for_STM32_x86_64_9.3.0/ARMTools/bin/../lib/gcc/arm-atollic-eabi/6.3.1/armv7e-m/fpu/crtbegin.o

.rodata         0x000000000800ee94       0x14
                0x000000000800ee94                . = ALIGN (0x4)
 *(.rodata)
 .rodata        0x000000000800ee94       0x10 src/system_stm32f4xx.o
                0x000000000800ee94                AHBPrescTable
 .rodata        0x000000000800eea4        0x2 src/tiny_printf.o
 *(.rodata*)
                0x000000000800eea8                . = ALIGN (0x4)
 *fill*         0x000000000800eea6        0x2 

.rel.dyn        0x000000000800eea8        0x0
 .rel.iplt      0x000000000800eea8        0x0 /opt/Atollic_TrueSTUDIO_for_STM32_x86_64_9.3.0/ARMTools/bin/../lib/gcc/arm-atollic-eabi/6.3.1/armv7e-m/fpu/crtbegin.o

.ARM.extab
 *(.ARM.extab* .gnu.linkonce.armextab.*)

.ARM            0x000000000800eea8        0x0
                0x000000000800eea8                __exidx_start = .
 *(.ARM.exidx*)
                0x000000000800eea8                __exidx_end = .

.preinit_array  0x000000000800eea8        0x0
                0x000000000800eea8                PROVIDE (__preinit_array_start, .)
 *(.preinit_array*)
                0x000000000800eea8                PROVIDE (__preinit_array_end, .)

.init_array     0x000000000800eea8        0x4
                0x000000000800eea8                PROVIDE (__init_array_start, .)
 *(SORT(.init_array.*))
 *(.init_array*)
 .init_array    0x000000000800eea8        0x4 /opt/Atollic_TrueSTUDIO_for_STM32_x86_64_9.3.0/ARMTools/bin/../lib/gcc/arm-atollic-eabi/6.3.1/armv7e-m/fpu/crtbegin.o
                0x000000000800eeac                PROVIDE (__init_array_end, .)

.fini_array     0x000000000800eeac        0x4
                [!provide]                        PROVIDE (__fini_array_start, .)
 *(SORT(.fini_array.*))
 *(.fini_array*)
 .fini_array    0x000000000800eeac        0x4 /opt/Atollic_TrueSTUDIO_for_STM32_x86_64_9.3.0/ARMTools/bin/../lib/gcc/arm-atollic-eabi/6.3.1/armv7e-m/fpu/crtbegin.o
                [!provide]                        PROVIDE (__fini_array_end, .)
                0x000000000800eeb0                _sidata = LOADADDR (.data)

.data           0x0000000020000000       0x18 load address 0x000000000800eeb0
                0x0000000020000000                . = ALIGN (0x4)
                0x0000000020000000                _sdata = .
 *(.data)
 .data          0x0000000020000000        0x0 /opt/Atollic_TrueSTUDIO_for_STM32_x86_64_9.3.0/ARMTools/bin/../lib/gcc/arm-atollic-eabi/6.3.1/armv7e-m/fpu/crti.o
 .data          0x0000000020000000        0x4 /opt/Atollic_TrueSTUDIO_for_STM32_x86_64_9.3.0/ARMTools/bin/../lib/gcc/arm-atollic-eabi/6.3.1/armv7e-m/fpu/crtbegin.o
                0x0000000020000000                __dso_handle
 .data          0x0000000020000004        0x0 Drivers/STM32F4xx_StdPeriph_Driver/src/misc.o
 .data          0x0000000020000004        0x0 Drivers/STM32F4xx_StdPeriph_Driver/src/stm32f4xx_adc.o
 .data          0x0000000020000004        0x0 Drivers/STM32F4xx_StdPeriph_Driver/src/stm32f4xx_can.o
 .data          0x0000000020000004        0x0 Drivers/STM32F4xx_StdPeriph_Driver/src/stm32f4xx_crc.o
 .data          0x0000000020000004        0x0 Drivers/STM32F4xx_StdPeriph_Driver/src/stm32f4xx_cryp.o
 .data          0x0000000020000004        0x0 Drivers/STM32F4xx_StdPeriph_Driver/src/stm32f4xx_cryp_aes.o
 .data          0x0000000020000004        0x0 Drivers/STM32F4xx_StdPeriph_Driver/src/stm32f4xx_cryp_des.o
 .data          0x0000000020000004        0x0 Drivers/STM32F4xx_StdPeriph_Driver/src/stm32f4xx_cryp_tdes.o
 .data          0x0000000020000004        0x0 Drivers/STM32F4xx_StdPeriph_Driver/src/stm32f4xx_dac.o
 .data          0x0000000020000004        0x0 Drivers/STM32F4xx_StdPeriph_Driver/src/stm32f4xx_dbgmcu.o
 .data          0x0000000020000004        0x0 Drivers/STM32F4xx_StdPeriph_Driver/src/stm32f4xx_dcmi.o
 .data          0x0000000020000004        0x0 Drivers/STM32F4xx_StdPeriph_Driver/src/stm32f4xx_dma.o
 .data          0x0000000020000004        0x0 Drivers/STM32F4xx_StdPeriph_Driver/src/stm32f4xx_exti.o
 .data          0x0000000020000004        0x0 Drivers/STM32F4xx_StdPeriph_Driver/src/stm32f4xx_flash.o
 .data          0x0000000020000004        0x0 Drivers/STM32F4xx_StdPeriph_Driver/src/stm32f4xx_fsmc.o
 .data          0x0000000020000004        0x0 Drivers/STM32F4xx_StdPeriph_Driver/src/stm32f4xx_gpio.o
 .data          0x0000000020000004        0x0 Drivers/STM32F4xx_StdPeriph_Driver/src/stm32f4xx_hash.o
 .data          0x0000000020000004        0x0 Drivers/STM32F4xx_StdPeriph_Driver/src/stm32f4xx_hash_md5.o
 .data          0x0000000020000004        0x0 Drivers/STM32F4xx_StdPeriph_Driver/src/stm32f4xx_hash_sha1.o
 .data          0x0000000020000004        0x0 Drivers/STM32F4xx_StdPeriph_Driver/src/stm32f4xx_i2c.o
 .data          0x0000000020000004        0x0 Drivers/STM32F4xx_StdPeriph_Driver/src/stm32f4xx_iwdg.o
 .data          0x0000000020000004        0x0 Drivers/STM32F4xx_StdPeriph_Driver/src/stm32f4xx_pwr.o
 .data          0x0000000020000004       0x10 Drivers/STM32F4xx_StdPeriph_Driver/src/stm32f4xx_rcc.o
 .data          0x0000000020000014        0x0 Drivers/STM32F4xx_StdPeriph_Driver/src/stm32f4xx_rng.o
 .data          0x0000000020000014        0x0 Drivers/STM32F4xx_StdPeriph_Driver/src/stm32f4xx_rtc.o
 .data          0x0000000020000014        0x0 Drivers/STM32F4xx_StdPeriph_Driver/src/stm32f4xx_sdio.o
 .data          0x0000000020000014        0x0 Drivers/STM32F4xx_StdPeriph_Driver/src/stm32f4xx_spi.o
 .data          0x0000000020000014        0x0 Drivers/STM32F4xx_StdPeriph_Driver/src/stm32f4xx_syscfg.o
 .data          0x0000000020000014        0x0 Drivers/STM32F4xx_StdPeriph_Driver/src/stm32f4xx_tim.o
 .data          0x0000000020000014        0x0 Drivers/STM32F4xx_StdPeriph_Driver/src/stm32f4xx_usart.o
 .data          0x0000000020000014        0x0 Drivers/STM32F4xx_StdPeriph_Driver/src/stm32f4xx_wwdg.o
 .data          0x0000000020000014        0x0 src/main.o
 .data          0x0000000020000014        0x0 src/startup_stm32f411xe.o
 .data          0x0000000020000014        0x0 src/stm32f4xx_it.o
 .data          0x0000000020000014        0x4 src/system_stm32f4xx.o
                0x0000000020000014                SystemCoreClock
 .data          0x0000000020000018        0x0 src/tiny_printf.o
 .data          0x0000000020000018        0x0 /opt/Atollic_TrueSTUDIO_for_STM32_x86_64_9.3.0/ARMTools/bin/../lib/gcc/arm-atollic-eabi/6.3.1/../../../../arm-atollic-eabi/lib/armv7e-m/fpu/libc_nano.a(lib_a-init.o)
 .data          0x0000000020000018        0x0 /opt/Atollic_TrueSTUDIO_for_STM32_x86_64_9.3.0/ARMTools/bin/../lib/gcc/arm-atollic-eabi/6.3.1/../../../../arm-atollic-eabi/lib/armv7e-m/fpu/libc_nano.a(lib_a-strlen.o)
 .data          0x0000000020000018        0x0 /opt/Atollic_TrueSTUDIO_for_STM32_x86_64_9.3.0/ARMTools/bin/../lib/gcc/arm-atollic-eabi/6.3.1/../../../../arm-atollic-eabi/lib/armv7e-m/fpu/libnosys.a(write.o)
 .data          0x0000000020000018        0x0 /opt/Atollic_TrueSTUDIO_for_STM32_x86_64_9.3.0/ARMTools/bin/../lib/gcc/arm-atollic-eabi/6.3.1/../../../../arm-atollic-eabi/lib/armv7e-m/fpu/libnosys.a(errno.o)
 .data          0x0000000020000018        0x0 /opt/Atollic_TrueSTUDIO_for_STM32_x86_64_9.3.0/ARMTools/bin/../lib/gcc/arm-atollic-eabi/6.3.1/armv7e-m/fpu/crtend.o
 .data          0x0000000020000018        0x0 /opt/Atollic_TrueSTUDIO_for_STM32_x86_64_9.3.0/ARMTools/bin/../lib/gcc/arm-atollic-eabi/6.3.1/armv7e-m/fpu/crtn.o
 *(.data*)
                0x0000000020000018                . = ALIGN (0x4)
                0x0000000020000018                _edata = .

.igot.plt       0x0000000020000018        0x0 load address 0x000000000800eec8
 .igot.plt      0x0000000020000018        0x0 /opt/Atollic_TrueSTUDIO_for_STM32_x86_64_9.3.0/ARMTools/bin/../lib/gcc/arm-atollic-eabi/6.3.1/armv7e-m/fpu/crtbegin.o
                0x0000000020000018                . = ALIGN (0x4)

.bss            0x0000000020000018       0x24 load address 0x000000000800eec8
                0x0000000020000018                _sbss = .
                0x0000000020000018                __bss_start__ = _sbss
 *(.bss)
 .bss           0x0000000020000018        0x0 /opt/Atollic_TrueSTUDIO_for_STM32_x86_64_9.3.0/ARMTools/bin/../lib/gcc/arm-atollic-eabi/6.3.1/armv7e-m/fpu/crti.o
 .bss           0x0000000020000018       0x1c /opt/Atollic_TrueSTUDIO_for_STM32_x86_64_9.3.0/ARMTools/bin/../lib/gcc/arm-atollic-eabi/6.3.1/armv7e-m/fpu/crtbegin.o
 .bss           0x0000000020000034        0x0 Drivers/STM32F4xx_StdPeriph_Driver/src/misc.o
 .bss           0x0000000020000034        0x0 Drivers/STM32F4xx_StdPeriph_Driver/src/stm32f4xx_adc.o
 .bss           0x0000000020000034        0x0 Drivers/STM32F4xx_StdPeriph_Driver/src/stm32f4xx_can.o
 .bss           0x0000000020000034        0x0 Drivers/STM32F4xx_StdPeriph_Driver/src/stm32f4xx_crc.o
 .bss           0x0000000020000034        0x0 Drivers/STM32F4xx_StdPeriph_Driver/src/stm32f4xx_cryp.o
 .bss           0x0000000020000034        0x0 Drivers/STM32F4xx_StdPeriph_Driver/src/stm32f4xx_cryp_aes.o
 .bss           0x0000000020000034        0x0 Drivers/STM32F4xx_StdPeriph_Driver/src/stm32f4xx_cryp_des.o
 .bss           0x0000000020000034        0x0 Drivers/STM32F4xx_StdPeriph_Driver/src/stm32f4xx_cryp_tdes.o
 .bss           0x0000000020000034        0x0 Drivers/STM32F4xx_StdPeriph_Driver/src/stm32f4xx_dac.o
 .bss           0x0000000020000034        0x0 Drivers/STM32F4xx_StdPeriph_Driver/src/stm32f4xx_dbgmcu.o
 .bss           0x0000000020000034        0x0 Drivers/STM32F4xx_StdPeriph_Driver/src/stm32f4xx_dcmi.o
 .bss           0x0000000020000034        0x0 Drivers/STM32F4xx_StdPeriph_Driver/src/stm32f4xx_dma.o
 .bss           0x0000000020000034        0x0 Drivers/STM32F4xx_StdPeriph_Driver/src/stm32f4xx_exti.o
 .bss           0x0000000020000034        0x0 Drivers/STM32F4xx_StdPeriph_Driver/src/stm32f4xx_flash.o
 .bss           0x0000000020000034        0x0 Drivers/STM32F4xx_StdPeriph_Driver/src/stm32f4xx_fsmc.o
 .bss           0x0000000020000034        0x0 Drivers/STM32F4xx_StdPeriph_Driver/src/stm32f4xx_gpio.o
 .bss           0x0000000020000034        0x0 Drivers/STM32F4xx_StdPeriph_Driver/src/stm32f4xx_hash.o
 .bss           0x0000000020000034        0x0 Drivers/STM32F4xx_StdPeriph_Driver/src/stm32f4xx_hash_md5.o
 .bss           0x0000000020000034        0x0 Drivers/STM32F4xx_StdPeriph_Driver/src/stm32f4xx_hash_sha1.o
 .bss           0x0000000020000034        0x0 Drivers/STM32F4xx_StdPeriph_Driver/src/stm32f4xx_i2c.o
 .bss           0x0000000020000034        0x0 Drivers/STM32F4xx_StdPeriph_Driver/src/stm32f4xx_iwdg.o
 .bss           0x0000000020000034        0x0 Drivers/STM32F4xx_StdPeriph_Driver/src/stm32f4xx_pwr.o
 .bss           0x0000000020000034        0x0 Drivers/STM32F4xx_StdPeriph_Driver/src/stm32f4xx_rcc.o
 .bss           0x0000000020000034        0x0 Drivers/STM32F4xx_StdPeriph_Driver/src/stm32f4xx_rng.o
 .bss           0x0000000020000034        0x0 Drivers/STM32F4xx_StdPeriph_Driver/src/stm32f4xx_rtc.o
 .bss           0x0000000020000034        0x0 Drivers/STM32F4xx_StdPeriph_Driver/src/stm32f4xx_sdio.o
 .bss           0x0000000020000034        0x0 Drivers/STM32F4xx_StdPeriph_Driver/src/stm32f4xx_spi.o
 .bss           0x0000000020000034        0x0 Drivers/STM32F4xx_StdPeriph_Driver/src/stm32f4xx_syscfg.o
 .bss           0x0000000020000034        0x0 Drivers/STM32F4xx_StdPeriph_Driver/src/stm32f4xx_tim.o
 .bss           0x0000000020000034        0x0 Drivers/STM32F4xx_StdPeriph_Driver/src/stm32f4xx_usart.o
 .bss           0x0000000020000034        0x0 Drivers/STM32F4xx_StdPeriph_Driver/src/stm32f4xx_wwdg.o
 .bss           0x0000000020000034        0x0 src/main.o
 .bss           0x0000000020000034        0x0 src/startup_stm32f411xe.o
 .bss           0x0000000020000034        0x0 src/stm32f4xx_it.o
 .bss           0x0000000020000034        0x0 src/system_stm32f4xx.o
 .bss           0x0000000020000034        0x0 src/tiny_printf.o
 .bss           0x0000000020000034        0x0 /opt/Atollic_TrueSTUDIO_for_STM32_x86_64_9.3.0/ARMTools/bin/../lib/gcc/arm-atollic-eabi/6.3.1/../../../../arm-atollic-eabi/lib/armv7e-m/fpu/libc_nano.a(lib_a-init.o)
 .bss           0x0000000020000034        0x0 /opt/Atollic_TrueSTUDIO_for_STM32_x86_64_9.3.0/ARMTools/bin/../lib/gcc/arm-atollic-eabi/6.3.1/../../../../arm-atollic-eabi/lib/armv7e-m/fpu/libc_nano.a(lib_a-strlen.o)
 .bss           0x0000000020000034        0x0 /opt/Atollic_TrueSTUDIO_for_STM32_x86_64_9.3.0/ARMTools/bin/../lib/gcc/arm-atollic-eabi/6.3.1/../../../../arm-atollic-eabi/lib/armv7e-m/fpu/libnosys.a(write.o)
 .bss           0x0000000020000034        0x0 /opt/Atollic_TrueSTUDIO_for_STM32_x86_64_9.3.0/ARMTools/bin/../lib/gcc/arm-atollic-eabi/6.3.1/../../../../arm-atollic-eabi/lib/armv7e-m/fpu/libnosys.a(errno.o)
 .bss           0x0000000020000034        0x0 /opt/Atollic_TrueSTUDIO_for_STM32_x86_64_9.3.0/ARMTools/bin/../lib/gcc/arm-atollic-eabi/6.3.1/armv7e-m/fpu/crtend.o
 .bss           0x0000000020000034        0x0 /opt/Atollic_TrueSTUDIO_for_STM32_x86_64_9.3.0/ARMTools/bin/../lib/gcc/arm-atollic-eabi/6.3.1/armv7e-m/fpu/crtn.o
 *(.bss*)
 *(COMMON)
 COMMON         0x0000000020000034        0x4 src/main.o
                0x0000000020000034                TimingDelay
 COMMON         0x0000000020000038        0x4 /opt/Atollic_TrueSTUDIO_for_STM32_x86_64_9.3.0/ARMTools/bin/../lib/gcc/arm-atollic-eabi/6.3.1/../../../../arm-atollic-eabi/lib/armv7e-m/fpu/libnosys.a(errno.o)
                0x0000000020000038                errno
                0x000000002000003c                . = ALIGN (0x4)
                0x000000002000003c                _ebss = .
                0x000000002000003c                __bss_end__ = _ebss

._user_heap_stack
                0x000000002000003c      0x400 load address 0x000000000800eec8
                0x000000002000003c                . = ALIGN (0x4)
                [!provide]                        PROVIDE (end, .)
                [!provide]                        PROVIDE (_end, .)
                0x000000002000003c                . = (. + _Min_Heap_Size)
                0x000000002000043c                . = (. + _Min_Stack_Size)
 *fill*         0x000000002000003c      0x400 
                0x000000002000043c                . = ALIGN (0x4)

.memory_b1_text
 *(.mb1text)
 *(.mb1text*)
 *(.mb1rodata)
 *(.mb1rodata*)

/DISCARD/
 libc.a(*)
 libm.a(*)
 libgcc.a(*)

.ARM.attributes
                0x0000000000000000       0x30
 *(.ARM.attributes)
 .ARM.attributes
                0x0000000000000000       0x22 /opt/Atollic_TrueSTUDIO_for_STM32_x86_64_9.3.0/ARMTools/bin/../lib/gcc/arm-atollic-eabi/6.3.1/armv7e-m/fpu/crti.o
 .ARM.attributes
                0x0000000000000022       0x34 /opt/Atollic_TrueSTUDIO_for_STM32_x86_64_9.3.0/ARMTools/bin/../lib/gcc/arm-atollic-eabi/6.3.1/armv7e-m/fpu/crtbegin.o
 .ARM.attributes
                0x0000000000000056       0x39 Drivers/STM32F4xx_StdPeriph_Driver/src/misc.o
 .ARM.attributes
                0x000000000000008f       0x39 Drivers/STM32F4xx_StdPeriph_Driver/src/stm32f4xx_adc.o
 .ARM.attributes
                0x00000000000000c8       0x39 Drivers/STM32F4xx_StdPeriph_Driver/src/stm32f4xx_can.o
 .ARM.attributes
                0x0000000000000101       0x39 Drivers/STM32F4xx_StdPeriph_Driver/src/stm32f4xx_crc.o
 .ARM.attributes
                0x000000000000013a       0x39 Drivers/STM32F4xx_StdPeriph_Driver/src/stm32f4xx_cryp.o
 .ARM.attributes
                0x0000000000000173       0x39 Drivers/STM32F4xx_StdPeriph_Driver/src/stm32f4xx_cryp_aes.o
 .ARM.attributes
                0x00000000000001ac       0x39 Drivers/STM32F4xx_StdPeriph_Driver/src/stm32f4xx_cryp_des.o
 .ARM.attributes
                0x00000000000001e5       0x39 Drivers/STM32F4xx_StdPeriph_Driver/src/stm32f4xx_cryp_tdes.o
 .ARM.attributes
                0x000000000000021e       0x39 Drivers/STM32F4xx_StdPeriph_Driver/src/stm32f4xx_dac.o
 .ARM.attributes
                0x0000000000000257       0x39 Drivers/STM32F4xx_StdPeriph_Driver/src/stm32f4xx_dbgmcu.o
 .ARM.attributes
                0x0000000000000290       0x39 Drivers/STM32F4xx_StdPeriph_Driver/src/stm32f4xx_dcmi.o
 .ARM.attributes
                0x00000000000002c9       0x39 Drivers/STM32F4xx_StdPeriph_Driver/src/stm32f4xx_dma.o
 .ARM.attributes
                0x0000000000000302       0x39 Drivers/STM32F4xx_StdPeriph_Driver/src/stm32f4xx_exti.o
 .ARM.attributes
                0x000000000000033b       0x39 Drivers/STM32F4xx_StdPeriph_Driver/src/stm32f4xx_flash.o
 .ARM.attributes
                0x0000000000000374       0x39 Drivers/STM32F4xx_StdPeriph_Driver/src/stm32f4xx_fsmc.o
 .ARM.attributes
                0x00000000000003ad       0x39 Drivers/STM32F4xx_StdPeriph_Driver/src/stm32f4xx_gpio.o
 .ARM.attributes
                0x00000000000003e6       0x39 Drivers/STM32F4xx_StdPeriph_Driver/src/stm32f4xx_hash.o
 .ARM.attributes
                0x000000000000041f       0x39 Drivers/STM32F4xx_StdPeriph_Driver/src/stm32f4xx_hash_md5.o
 .ARM.attributes
                0x0000000000000458       0x39 Drivers/STM32F4xx_StdPeriph_Driver/src/stm32f4xx_hash_sha1.o
 .ARM.attributes
                0x0000000000000491       0x39 Drivers/STM32F4xx_StdPeriph_Driver/src/stm32f4xx_i2c.o
 .ARM.attributes
                0x00000000000004ca       0x39 Drivers/STM32F4xx_StdPeriph_Driver/src/stm32f4xx_iwdg.o
 .ARM.attributes
                0x0000000000000503       0x39 Drivers/STM32F4xx_StdPeriph_Driver/src/stm32f4xx_pwr.o
 .ARM.attributes
                0x000000000000053c       0x39 Drivers/STM32F4xx_StdPeriph_Driver/src/stm32f4xx_rcc.o
 .ARM.attributes
                0x0000000000000575       0x39 Drivers/STM32F4xx_StdPeriph_Driver/src/stm32f4xx_rng.o
 .ARM.attributes
                0x00000000000005ae       0x39 Drivers/STM32F4xx_StdPeriph_Driver/src/stm32f4xx_rtc.o
 .ARM.attributes
                0x00000000000005e7       0x39 Drivers/STM32F4xx_StdPeriph_Driver/src/stm32f4xx_sdio.o
 .ARM.attributes
                0x0000000000000620       0x39 Drivers/STM32F4xx_StdPeriph_Driver/src/stm32f4xx_spi.o
 .ARM.attributes
                0x0000000000000659       0x39 Drivers/STM32F4xx_StdPeriph_Driver/src/stm32f4xx_syscfg.o
 .ARM.attributes
                0x0000000000000692       0x39 Drivers/STM32F4xx_StdPeriph_Driver/src/stm32f4xx_tim.o
 .ARM.attributes
                0x00000000000006cb       0x39 Drivers/STM32F4xx_StdPeriph_Driver/src/stm32f4xx_usart.o
 .ARM.attributes
                0x0000000000000704       0x39 Drivers/STM32F4xx_StdPeriph_Driver/src/stm32f4xx_wwdg.o
 .ARM.attributes
                0x000000000000073d       0x39 src/main.o
 .ARM.attributes
                0x0000000000000776       0x21 src/startup_stm32f411xe.o
 .ARM.attributes
                0x0000000000000797       0x39 src/stm32f4xx_it.o
 .ARM.attributes
                0x00000000000007d0       0x39 src/system_stm32f4xx.o
 .ARM.attributes
                0x0000000000000809       0x39 src/tiny_printf.o
 .ARM.attributes
[...]
SysTick_Handler                                   src/stm32f4xx_it.o
                                                  src/startup_stm32f411xe.o
SystemCoreClock                                   src/system_stm32f4xx.o
                                                  src/main.o
SystemCoreClockUpdate                             src/system_stm32f4xx.o
SystemInit                                        src/system_stm32f4xx.o
                                                  src/startup_stm32f411xe.o
TAMP_STAMP_IRQHandler                             src/startup_stm32f411xe.o
TIM1_BRK_TIM9_IRQHandler                          src/startup_stm32f411xe.o
TIM1_CC_IRQHandler                                src/startup_stm32f411xe.o
TIM1_TRG_COM_TIM11_IRQHandler                     src/startup_stm32f411xe.o
TIM1_UP_TIM10_IRQHandler                          src/startup_stm32f411xe.o
TIM2_IRQHandler                                   src/startup_stm32f411xe.o
TIM3_IRQHandler                                   src/startup_stm32f411xe.o
TIM4_IRQHandler                                   src/startup_stm32f411xe.o
TIM5_IRQHandler                                   src/startup_stm32f411xe.o
TIM_ARRPreloadConfig                              Drivers/STM32F4xx_StdPeriph_Driver/src/stm32f4xx_tim.o
TIM_BDTRConfig                                    Drivers/STM32F4xx_StdPeriph_Driver/src/stm32f4xx_tim.o
TIM_BDTRStructInit                                Drivers/STM32F4xx_StdPeriph_Driver/src/stm32f4xx_tim.o
TIM_CCPreloadControl                              Drivers/STM32F4xx_StdPeriph_Driver/src/stm32f4xx_tim.o
TIM_CCxCmd                                        Drivers/STM32F4xx_StdPeriph_Driver/src/stm32f4xx_tim.o
TIM_CCxNCmd                                       Drivers/STM32F4xx_StdPeriph_Driver/src/stm32f4xx_tim.o
TIM_ClearFlag                                     Drivers/STM32F4xx_StdPeriph_Driver/src/stm32f4xx_tim.o
TIM_ClearITPendingBit                             Drivers/STM32F4xx_StdPeriph_Driver/src/stm32f4xx_tim.o
TIM_ClearOC1Ref                                   Drivers/STM32F4xx_StdPeriph_Driver/src/stm32f4xx_tim.o
TIM_ClearOC2Ref                                   Drivers/STM32F4xx_StdPeriph_Driver/src/stm32f4xx_tim.o
TIM_ClearOC3Ref                                   Drivers/STM32F4xx_StdPeriph_Driver/src/stm32f4xx_tim.o
TIM_ClearOC4Ref                                   Drivers/STM32F4xx_StdPeriph_Driver/src/stm32f4xx_tim.o
TIM_Cmd                                           Drivers/STM32F4xx_StdPeriph_Driver/src/stm32f4xx_tim.o
TIM_CounterModeConfig                             Drivers/STM32F4xx_StdPeriph_Driver/src/stm32f4xx_tim.o
TIM_CtrlPWMOutputs                                Drivers/STM32F4xx_StdPeriph_Driver/src/stm32f4xx_tim.o
TIM_DMACmd                                        Drivers/STM32F4xx_StdPeriph_Driver/src/stm32f4xx_tim.o
TIM_DMAConfig                                     Drivers/STM32F4xx_StdPeriph_Driver/src/stm32f4xx_tim.o
TIM_DeInit                                        Drivers/STM32F4xx_StdPeriph_Driver/src/stm32f4xx_tim.o
TIM_ETRClockMode1Config                           Drivers/STM32F4xx_StdPeriph_Driver/src/stm32f4xx_tim.o
TIM_ETRClockMode2Config                           Drivers/STM32F4xx_StdPeriph_Driver/src/stm32f4xx_tim.o
TIM_ETRConfig                                     Drivers/STM32F4xx_StdPeriph_Driver/src/stm32f4xx_tim.o
TIM_EncoderInterfaceConfig                        Drivers/STM32F4xx_StdPeriph_Driver/src/stm32f4xx_tim.o
TIM_ForcedOC1Config                               Drivers/STM32F4xx_StdPeriph_Driver/src/stm32f4xx_tim.o
TIM_ForcedOC2Config                               Drivers/STM32F4xx_StdPeriph_Driver/src/stm32f4xx_tim.o
TIM_ForcedOC3Config                               Drivers/STM32F4xx_StdPeriph_Driver/src/stm32f4xx_tim.o
TIM_ForcedOC4Config                               Drivers/STM32F4xx_StdPeriph_Driver/src/stm32f4xx_tim.o
TIM_GenerateEvent                                 Drivers/STM32F4xx_StdPeriph_Driver/src/stm32f4xx_tim.o
TIM_GetCapture1                                   Drivers/STM32F4xx_StdPeriph_Driver/src/stm32f4xx_tim.o
TIM_GetCapture2                                   Drivers/STM32F4xx_StdPeriph_Driver/src/stm32f4xx_tim.o
TIM_GetCapture3                                   Drivers/STM32F4xx_StdPeriph_Driver/src/stm32f4xx_tim.o
TIM_GetCapture4                                   Drivers/STM32F4xx_StdPeriph_Driver/src/stm32f4xx_tim.o
TIM_GetCounter                                    Drivers/STM32F4xx_StdPeriph_Driver/src/stm32f4xx_tim.o
TIM_GetFlagStatus                                 Drivers/STM32F4xx_StdPeriph_Driver/src/stm32f4xx_tim.o
TIM_GetITStatus                                   Drivers/STM32F4xx_StdPeriph_Driver/src/stm32f4xx_tim.o
TIM_GetPrescaler                                  Drivers/STM32F4xx_StdPeriph_Driver/src/stm32f4xx_tim.o
TIM_ICInit                                        Drivers/STM32F4xx_StdPeriph_Driver/src/stm32f4xx_tim.o
TIM_ICStructInit                                  Drivers/STM32F4xx_StdPeriph_Driver/src/stm32f4xx_tim.o
TIM_ITConfig                                      Drivers/STM32F4xx_StdPeriph_Driver/src/stm32f4xx_tim.o
TIM_ITRxExternalClockConfig                       Drivers/STM32F4xx_StdPeriph_Driver/src/stm32f4xx_tim.o
TIM_InternalClockConfig                           Drivers/STM32F4xx_StdPeriph_Driver/src/stm32f4xx_tim.o
TIM_OC1FastConfig                                 Drivers/STM32F4xx_StdPeriph_Driver/src/stm32f4xx_tim.o
TIM_OC1Init                                       Drivers/STM32F4xx_StdPeriph_Driver/src/stm32f4xx_tim.o
TIM_OC1NPolarityConfig                            Drivers/STM32F4xx_StdPeriph_Driver/src/stm32f4xx_tim.o
TIM_OC1PolarityConfig                             Drivers/STM32F4xx_StdPeriph_Driver/src/stm32f4xx_tim.o
TIM_OC1PreloadConfig                              Drivers/STM32F4xx_StdPeriph_Driver/src/stm32f4xx_tim.o
TIM_OC2FastConfig                                 Drivers/STM32F4xx_StdPeriph_Driver/src/stm32f4xx_tim.o
TIM_OC2Init                                       Drivers/STM32F4xx_StdPeriph_Driver/src/stm32f4xx_tim.o
TIM_OC2NPolarityConfig                            Drivers/STM32F4xx_StdPeriph_Driver/src/stm32f4xx_tim.o
TIM_OC2PolarityConfig                             Drivers/STM32F4xx_StdPeriph_Driver/src/stm32f4xx_tim.o
TIM_OC2PreloadConfig                              Drivers/STM32F4xx_StdPeriph_Driver/src/stm32f4xx_tim.o
TIM_OC3FastConfig                                 Drivers/STM32F4xx_StdPeriph_Driver/src/stm32f4xx_tim.o
TIM_OC3Init                                       Drivers/STM32F4xx_StdPeriph_Driver/src/stm32f4xx_tim.o
TIM_OC3NPolarityConfig                            Drivers/STM32F4xx_StdPeriph_Driver/src/stm32f4xx_tim.o
TIM_OC3PolarityConfig                             Drivers/STM32F4xx_StdPeriph_Driver/src/stm32f4xx_tim.o
TIM_OC3PreloadConfig                              Drivers/STM32F4xx_StdPeriph_Driver/src/stm32f4xx_tim.o
TIM_OC4FastConfig                                 Drivers/STM32F4xx_StdPeriph_Driver/src/stm32f4xx_tim.o
TIM_OC4Init                                       Drivers/STM32F4xx_StdPeriph_Driver/src/stm32f4xx_tim.o
TIM_OC4PolarityConfig                             Drivers/STM32F4xx_StdPeriph_Driver/src/stm32f4xx_tim.o
TIM_OC4PreloadConfig                              Drivers/STM32F4xx_StdPeriph_Driver/src/stm32f4xx_tim.o
TIM_OCStructInit                                  Drivers/STM32F4xx_StdPeriph_Driver/src/stm32f4xx_tim.o
TIM_PWMIConfig                                    Drivers/STM32F4xx_StdPeriph_Driver/src/stm32f4xx_tim.o
TIM_PrescalerConfig                               Drivers/STM32F4xx_StdPeriph_Driver/src/stm32f4xx_tim.o
TIM_RemapConfig                                   Drivers/STM32F4xx_StdPeriph_Driver/src/stm32f4xx_tim.o
TIM_SelectCCDMA                                   Drivers/STM32F4xx_StdPeriph_Driver/src/stm32f4xx_tim.o
TIM_SelectCOM                                     Drivers/STM32F4xx_StdPeriph_Driver/src/stm32f4xx_tim.o
TIM_SelectHallSensor                              Drivers/STM32F4xx_StdPeriph_Driver/src/stm32f4xx_tim.o
TIM_SelectInputTrigger                            Drivers/STM32F4xx_StdPeriph_Driver/src/stm32f4xx_tim.o
TIM_SelectMasterSlaveMode                         Drivers/STM32F4xx_StdPeriph_Driver/src/stm32f4xx_tim.o
TIM_SelectOCxM                                    Drivers/STM32F4xx_StdPeriph_Driver/src/stm32f4xx_tim.o
TIM_SelectOnePulseMode                            Drivers/STM32F4xx_StdPeriph_Driver/src/stm32f4xx_tim.o
TIM_SelectOutputTrigger                           Drivers/STM32F4xx_StdPeriph_Driver/src/stm32f4xx_tim.o
TIM_SelectSlaveMode                               Drivers/STM32F4xx_StdPeriph_Driver/src/stm32f4xx_tim.o
TIM_SetAutoreload                                 Drivers/STM32F4xx_StdPeriph_Driver/src/stm32f4xx_tim.o
TIM_SetClockDivision                              Drivers/STM32F4xx_StdPeriph_Driver/src/stm32f4xx_tim.o
TIM_SetCompare1                                   Drivers/STM32F4xx_StdPeriph_Driver/src/stm32f4xx_tim.o
TIM_SetCompare2                                   Drivers/STM32F4xx_StdPeriph_Driver/src/stm32f4xx_tim.o
TIM_SetCompare3                                   Drivers/STM32F4xx_StdPeriph_Driver/src/stm32f4xx_tim.o
TIM_SetCompare4                                   Drivers/STM32F4xx_StdPeriph_Driver/src/stm32f4xx_tim.o
TIM_SetCounter                                    Drivers/STM32F4xx_StdPeriph_Driver/src/stm32f4xx_tim.o
TIM_SetIC1Prescaler                               Drivers/STM32F4xx_StdPeriph_Driver/src/stm32f4xx_tim.o
TIM_SetIC2Prescaler                               Drivers/STM32F4xx_StdPeriph_Driver/src/stm32f4xx_tim.o
TIM_SetIC3Prescaler                               Drivers/STM32F4xx_StdPeriph_Driver/src/stm32f4xx_tim.o
TIM_SetIC4Prescaler                               Drivers/STM32F4xx_StdPeriph_Driver/src/stm32f4xx_tim.o
TIM_TIxExternalClockConfig                        Drivers/STM32F4xx_StdPeriph_Driver/src/stm32f4xx_tim.o
TIM_TimeBaseInit                                  Drivers/STM32F4xx_StdPeriph_Driver/src/stm32f4xx_tim.o
TIM_TimeBaseStructInit                            Drivers/STM32F4xx_StdPeriph_Driver/src/stm32f4xx_tim.o
TIM_UpdateDisableConfig                           Drivers/STM32F4xx_StdPeriph_Driver/src/stm32f4xx_tim.o
TIM_UpdateRequestConfig                           Drivers/STM32F4xx_StdPeriph_Driver/src/stm32f4xx_tim.o
TimingDelay                                       src/main.o
TimingDelay_Decrement                             src/main.o
                                                  src/stm32f4xx_it.o
USART1_IRQHandler                                 src/startup_stm32f411xe.o
USART2_IRQHandler                                 src/startup_stm32f411xe.o
USART6_IRQHandler                                 src/startup_stm32f411xe.o
USART_ClearFlag                                   Drivers/STM32F4xx_StdPeriph_Driver/src/stm32f4xx_usart.o
USART_ClearITPendingBit                           Drivers/STM32F4xx_StdPeriph_Driver/src/stm32f4xx_usart.o
USART_ClockInit                                   Drivers/STM32F4xx_StdPeriph_Driver/src/stm32f4xx_usart.o
USART_ClockStructInit                             Drivers/STM32F4xx_StdPeriph_Driver/src/stm32f4xx_usart.o
USART_Cmd                                         Drivers/STM32F4xx_StdPeriph_Driver/src/stm32f4xx_usart.o
USART_DMACmd                                      Drivers/STM32F4xx_StdPeriph_Driver/src/stm32f4xx_usart.o
USART_DeInit                                      Drivers/STM32F4xx_StdPeriph_Driver/src/stm32f4xx_usart.o
USART_GetFlagStatus                               Drivers/STM32F4xx_StdPeriph_Driver/src/stm32f4xx_usart.o
USART_GetITStatus                                 Drivers/STM32F4xx_StdPeriph_Driver/src/stm32f4xx_usart.o
USART_HalfDuplexCmd                               Drivers/STM32F4xx_StdPeriph_Driver/src/stm32f4xx_usart.o
USART_ITConfig                                    Drivers/STM32F4xx_StdPeriph_Driver/src/stm32f4xx_usart.o
USART_Init                                        Drivers/STM32F4xx_StdPeriph_Driver/src/stm32f4xx_usart.o
USART_IrDACmd                                     Drivers/STM32F4xx_StdPeriph_Driver/src/stm32f4xx_usart.o
USART_IrDAConfig                                  Drivers/STM32F4xx_StdPeriph_Driver/src/stm32f4xx_usart.o
USART_LINBreakDetectLengthConfig                  Drivers/STM32F4xx_StdPeriph_Driver/src/stm32f4xx_usart.o
USART_LINCmd                                      Drivers/STM32F4xx_StdPeriph_Driver/src/stm32f4xx_usart.o
USART_OneBitMethodCmd                             Drivers/STM32F4xx_StdPeriph_Driver/src/stm32f4xx_usart.o
USART_OverSampling8Cmd                            Drivers/STM32F4xx_StdPeriph_Driver/src/stm32f4xx_usart.o
USART_ReceiveData                                 Drivers/STM32F4xx_StdPeriph_Driver/src/stm32f4xx_usart.o
USART_ReceiverWakeUpCmd                           Drivers/STM32F4xx_StdPeriph_Driver/src/stm32f4xx_usart.o
USART_SendBreak                                   Drivers/STM32F4xx_StdPeriph_Driver/src/stm32f4xx_usart.o
USART_SendData                                    Drivers/STM32F4xx_StdPeriph_Driver/src/stm32f4xx_usart.o
USART_SetAddress                                  Drivers/STM32F4xx_StdPeriph_Driver/src/stm32f4xx_usart.o
USART_SetGuardTime                                Drivers/STM32F4xx_StdPeriph_Driver/src/stm32f4xx_usart.o
USART_SetPrescaler                                Drivers/STM32F4xx_StdPeriph_Driver/src/stm32f4xx_usart.o
USART_SmartCardCmd                                Drivers/STM32F4xx_StdPeriph_Driver/src/stm32f4xx_usart.o
USART_SmartCardNACKCmd                            Drivers/STM32F4xx_StdPeriph_Driver/src/stm32f4xx_usart.o
USART_StructInit                                  Drivers/STM32F4xx_StdPeriph_Driver/src/stm32f4xx_usart.o
USART_WakeUpConfig                                Drivers/STM32F4xx_StdPeriph_Driver/src/stm32f4xx_usart.o
UsageFault_Handler                                src/stm32f4xx_it.o
                                                  src/startup_stm32f411xe.o
WWDG_ClearFlag                                    Drivers/STM32F4xx_StdPeriph_Driver/src/stm32f4xx_wwdg.o
WWDG_DeInit                                       Drivers/STM32F4xx_StdPeriph_Driver/src/stm32f4xx_wwdg.o
WWDG_Enable                                       Drivers/STM32F4xx_StdPeriph_Driver/src/stm32f4xx_wwdg.o
WWDG_EnableIT                                     Drivers/STM32F4xx_StdPeriph_Driver/src/stm32f4xx_wwdg.o
WWDG_GetFlagStatus                                Drivers/STM32F4xx_StdPeriph_Driver/src/stm32f4xx_wwdg.o
WWDG_IRQHandler                                   src/startup_stm32f411xe.o
WWDG_SetCounter                                   Drivers/STM32F4xx_StdPeriph_Driver/src/stm32f4xx_wwdg.o
WWDG_SetPrescaler                                 Drivers/STM32F4xx_StdPeriph_Driver/src/stm32f4xx_wwdg.o
WWDG_SetWindowValue                               Drivers/STM32F4xx_StdPeriph_Driver/src/stm32f4xx_wwdg.o
__deregister_frame_info                           /opt/Atollic_TrueSTUDIO_for_STM32_x86_64_9.3.0/ARMTools/bin/../lib/gcc/arm-atollic-eabi/6.3.1/armv7e-m/fpu/crtbegin.o
__dso_handle                                      /opt/Atollic_TrueSTUDIO_for_STM32_x86_64_9.3.0/ARMTools/bin/../lib/gcc/arm-atollic-eabi/6.3.1/armv7e-m/fpu/crtbegin.o
__init_array_end                                  /opt/Atollic_TrueSTUDIO_for_STM32_x86_64_9.3.0/ARMTools/bin/../lib/gcc/arm-atollic-eabi/6.3.1/../../../../arm-atollic-eabi/lib/armv7e-m/fpu/libc_nano.a(lib_a-init.o)
__init_array_start                                /opt/Atollic_TrueSTUDIO_for_STM32_x86_64_9.3.0/ARMTools/bin/../lib/gcc/arm-atollic-eabi/6.3.1/../../../../arm-atollic-eabi/lib/armv7e-m/fpu/libc_nano.a(lib_a-init.o)
__libc_init_array                                 /opt/Atollic_TrueSTUDIO_for_STM32_x86_64_9.3.0/ARMTools/bin/../lib/gcc/arm-atollic-eabi/6.3.1/../../../../arm-atollic-eabi/lib/armv7e-m/fpu/libc_nano.a(lib_a-init.o)
                                                  src/startup_stm32f411xe.o
__preinit_array_end                               /opt/Atollic_TrueSTUDIO_for_STM32_x86_64_9.3.0/ARMTools/bin/../lib/gcc/arm-atollic-eabi/6.3.1/../../../../arm-atollic-eabi/lib/armv7e-m/fpu/libc_nano.a(lib_a-init.o)
__preinit_array_start                             /opt/Atollic_TrueSTUDIO_for_STM32_x86_64_9.3.0/ARMTools/bin/../lib/gcc/arm-atollic-eabi/6.3.1/../../../../arm-atollic-eabi/lib/armv7e-m/fpu/libc_nano.a(lib_a-init.o)
__register_frame_info                             /opt/Atollic_TrueSTUDIO_for_STM32_x86_64_9.3.0/ARMTools/bin/../lib/gcc/arm-atollic-eabi/6.3.1/armv7e-m/fpu/crtbegin.o
_ebss                                             src/startup_stm32f411xe.o
_edata                                            src/startup_stm32f411xe.o
_estack                                           src/startup_stm32f411xe.o
_fini                                             /opt/Atollic_TrueSTUDIO_for_STM32_x86_64_9.3.0/ARMTools/bin/../lib/gcc/arm-atollic-eabi/6.3.1/armv7e-m/fpu/crti.o
_init                                             /opt/Atollic_TrueSTUDIO_for_STM32_x86_64_9.3.0/ARMTools/bin/../lib/gcc/arm-atollic-eabi/6.3.1/armv7e-m/fpu/crti.o
                                                  /opt/Atollic_TrueSTUDIO_for_STM32_x86_64_9.3.0/ARMTools/bin/../lib/gcc/arm-atollic-eabi/6.3.1/../../../../arm-atollic-eabi/lib/armv7e-m/fpu/libc_nano.a(lib_a-init.o)
_sbss                                             src/startup_stm32f411xe.o
_sdata                                            src/startup_stm32f411xe.o
_sidata                                           src/startup_stm32f411xe.o
_write                                            /opt/Atollic_TrueSTUDIO_for_STM32_x86_64_9.3.0/ARMTools/bin/../lib/gcc/arm-atollic-eabi/6.3.1/../../../../arm-atollic-eabi/lib/armv7e-m/fpu/libnosys.a(write.o)
                                                  src/tiny_printf.o
errno                                             /opt/Atollic_TrueSTUDIO_for_STM32_x86_64_9.3.0/ARMTools/bin/../lib/gcc/arm-atollic-eabi/6.3.1/../../../../arm-atollic-eabi/lib/armv7e-m/fpu/libnosys.a(errno.o)
                                                  /opt/Atollic_TrueSTUDIO_for_STM32_x86_64_9.3.0/ARMTools/bin/../lib/gcc/arm-atollic-eabi/6.3.1/../../../../arm-atollic-eabi/lib/armv7e-m/fpu/libnosys.a(write.o)
fiprintf                                          src/tiny_printf.o
fprintf                                           src/tiny_printf.o
fputs                                             src/tiny_printf.o
fwrite                                            src/tiny_printf.o
g_pfnVectors                                      src/startup_stm32f411xe.o
gpio_button_handler                               src/main.o
                                                  src/stm32f4xx_it.o
gpio_button_init                                  src/main.o
gpio_init                                         src/main.o
iprintf                                           src/tiny_printf.o
main                                              src/main.o
                                                  src/startup_stm32f411xe.o
printf                                            src/tiny_printf.o
puts                                              src/tiny_printf.o
siprintf                                          src/tiny_printf.o
sprintf                                           src/tiny_printf.o
strlen                                            /opt/Atollic_TrueSTUDIO_for_STM32_x86_64_9.3.0/ARMTools/bin/../lib/gcc/arm-atollic-eabi/6.3.1/../../../../arm-atollic-eabi/lib/armv7e-m/fpu/libc_nano.a(lib_a-strlen.o)
                                                  src/tiny_printf.o
ts_formatlength                                   src/tiny_printf.o
ts_formatstring                                   src/tiny_printf.o
ts_itoa                                           src/tiny_printf.o
